2026-05-26 17:41:38 | INFO     | browser | Browser launched (stealth mode)
2026-05-26 17:41:38 | INFO     | browser | Opening: https://bidplus.gem.gov.in/all-bids
2026-05-26 17:41:50 | INFO     | browser | GeM listing page loaded
2026-05-26 17:41:55 | DEBUG    | browser | Filters reset
2026-05-26 17:41:55 | INFO     | browser | Selecting filter: Product Bid/RAs
2026-05-26 17:42:06 | DEBUG    | browser | Downloaded: GeM-Bidding-9062177.pdf
2026-05-26 17:44:36 | DEBUG    | browser | Downloaded: GeM-Bidding-9287446.pdf
2026-05-26 17:44:50 | DEBUG    | browser | Downloaded: GeM-Bidding-8708002.pdf
2026-05-26 17:45:04 | DEBUG    | browser | Downloaded: GeM-Bidding-9246670.pdf
2026-05-26 17:45:18 | DEBUG    | browser | Downloaded: GeM-Bidding-8736998.pdf
2026-05-26 17:45:29 | DEBUG    | browser | Downloaded: GeM-Bidding-8721825.pdf
2026-05-26 17:45:44 | DEBUG    | browser | Downloaded: GeM-Bidding-9241127.pdf
2026-05-26 17:46:03 | DEBUG    | browser | Downloaded: GeM-Bidding-9243919.pdf
2026-05-26 17:46:13 | DEBUG    | browser | Downloaded: GeM-Bidding-8552631.pdf
2026-05-26 17:46:33 | DEBUG    | browser | Downloaded: GeM-Bidding-8850785.pdf
2026-05-26 17:46:54 | DEBUG    | browser | Filters reset
2026-05-26 17:46:54 | INFO     | browser | Selecting filter: Service Bid/RAs
2026-05-26 17:47:03 | DEBUG    | browser | Downloaded: GeM-Bidding-9259266.pdf
2026-05-26 17:47:14 | DEBUG    | browser | Downloaded: GeM-Bidding-8811625.pdf
2026-05-26 17:47:25 | DEBUG    | browser | Downloaded: GeM-Bidding-9059135.pdf
2026-05-26 17:47:36 | DEBUG    | browser | Downloaded: GeM-Bidding-9289748.pdf
2026-05-26 17:47:45 | DEBUG    | browser | Downloaded: GeM-Bidding-9288974.pdf
2026-05-26 17:47:55 | DEBUG    | browser | Downloaded: GeM-Bidding-9284277.pdf
2026-05-26 17:48:08 | DEBUG    | browser | Downloaded: GeM-Bidding-9264229.pdf
2026-05-26 17:48:19 | DEBUG    | browser | Downloaded: GeM-Bidding-9261642.pdf
2026-05-26 17:48:31 | DEBUG    | browser | Downloaded: GeM-Bidding-9243568.pdf
2026-05-26 17:48:42 | DEBUG    | browser | Downloaded: GeM-Bidding-9240821.pdf
2026-05-26 17:48:57 | DEBUG    | browser | Filters reset
2026-05-26 17:48:57 | INFO     | browser | Selecting filter: Bid To RAs
2026-05-26 17:49:07 | DEBUG    | browser | Downloaded: GeM-Bidding-9265761.pdf
2026-05-26 17:49:18 | DEBUG    | browser | Downloaded: GeM-Bidding-9311183.pdf
2026-05-26 17:49:28 | DEBUG    | browser | Downloaded: GeM-Bidding-9152796.pdf
2026-05-26 17:49:48 | DEBUG    | browser | Downloaded: GeM-Bidding-9209695.pdf
2026-05-26 17:49:57 | DEBUG    | browser | Downloaded: GeM-Bidding-9299547.pdf
2026-05-26 17:50:08 | DEBUG    | browser | Downloaded: GeM-Bidding-9192579.pdf
2026-05-26 17:50:25 | DEBUG    | browser | Downloaded: GeM-Bidding-8640821.pdf
2026-05-26 17:50:36 | DEBUG    | browser | Downloaded: GeM-Bidding-9018999.pdf
2026-05-26 17:50:45 | DEBUG    | browser | Downloaded: GeM-Bidding-9269169.pdf
2026-05-26 17:50:53 | DEBUG    | browser | Downloaded: GeM-Bidding-9242226.pdf
2026-05-26 17:51:10 | DEBUG    | browser | Filters reset
2026-05-26 17:51:10 | INFO     | browser | Selecting filter: Product Custom Bid/RAs
2026-05-26 17:51:19 | DEBUG    | browser | Downloaded: GeM-Bidding-8498005.pdf
2026-05-26 17:51:27 | DEBUG    | browser | Downloaded: GeM-Bidding-9289946.pdf
2026-05-26 17:51:36 | DEBUG    | browser | Downloaded: GeM-Bidding-9289771.pdf
2026-05-26 17:51:43 | DEBUG    | browser | Downloaded: GeM-Bidding-9288575.pdf
2026-05-26 17:51:50 | DEBUG    | browser | Downloaded: GeM-Bidding-9288088.pdf
2026-05-26 17:51:58 | DEBUG    | browser | Downloaded: GeM-Bidding-9286789.pdf
2026-05-26 17:52:08 | DEBUG    | browser | Downloaded: GeM-Bidding-9286680.pdf
2026-05-26 17:52:21 | DEBUG    | browser | Downloaded: GeM-Bidding-9285361.pdf
2026-05-26 17:52:30 | DEBUG    | browser | Downloaded: GeM-Bidding-9285327.pdf
2026-05-26 17:52:40 | DEBUG    | browser | Downloaded: GeM-Bidding-9282962.pdf
2026-05-26 17:52:56 | DEBUG    | browser | Filters reset
2026-05-26 17:52:56 | INFO     | browser | Selecting filter: BOQ Bids
2026-05-26 17:53:04 | DEBUG    | browser | Downloaded: GeM-Bidding-9301435.pdf
2026-05-26 17:53:14 | DEBUG    | browser | Downloaded: GeM-Bidding-9301243.pdf
2026-05-26 17:53:23 | DEBUG    | browser | Downloaded: GeM-Bidding-9296381.pdf
2026-05-26 17:53:30 | DEBUG    | browser | Downloaded: GeM-Bidding-9286241.pdf
2026-05-26 17:53:43 | DEBUG    | browser | Downloaded: GeM-Bidding-9284672.pdf
2026-05-26 17:54:01 | DEBUG    | browser | Downloaded: GeM-Bidding-9281732.pdf
2026-05-26 17:54:11 | DEBUG    | browser | Downloaded: GeM-Bidding-9279157.pdf
2026-05-26 17:54:21 | DEBUG    | browser | Downloaded: GeM-Bidding-9276694.pdf
2026-05-26 17:54:30 | DEBUG    | browser | Downloaded: GeM-Bidding-9286328.pdf
2026-05-26 17:54:43 | DEBUG    | browser | Downloaded: GeM-Bidding-9292385.pdf
2026-05-26 17:54:58 | DEBUG    | browser | Filters reset
2026-05-26 17:54:58 | INFO     | browser | Selecting filter: Rate Contract Bids
2026-05-26 17:55:06 | DEBUG    | browser | Downloaded: GeM-Bidding-9301136.pdf
2026-05-26 17:55:17 | DEBUG    | browser | Downloaded: GeM-Bidding-9261694.pdf
2026-05-26 17:55:27 | DEBUG    | browser | Downloaded: GeM-Bidding-9295256.pdf
2026-05-26 17:55:34 | DEBUG    | browser | Downloaded: GeM-Bidding-9295686.pdf
2026-05-26 17:55:51 | DEBUG    | browser | Downloaded: GeM-Bidding-9271791.pdf
2026-05-26 17:56:02 | DEBUG    | browser | Downloaded: GeM-Bidding-9301536.pdf
2026-05-26 17:56:21 | DEBUG    | browser | Downloaded: GeM-Bidding-9314303.pdf
2026-05-26 17:56:30 | DEBUG    | browser | Downloaded: GeM-Bidding-9313859.pdf
2026-05-26 17:56:50 | DEBUG    | browser | Downloaded: GeM-Bidding-9321309.pdf
2026-05-26 17:57:06 | DEBUG    | browser | Downloaded: GeM-Bidding-9333908.pdf
2026-05-26 17:57:24 | DEBUG    | browser | Filters reset
2026-05-26 17:57:24 | INFO     | browser | Selecting filter: Global Tender
2026-05-26 17:57:34 | DEBUG    | browser | Downloaded: GeM-Bidding-9246893.pdf
2026-05-26 17:57:48 | DEBUG    | browser | Downloaded: GeM-Bidding-9255239.pdf
2026-05-26 17:57:57 | DEBUG    | browser | Downloaded: GeM-Bidding-9295700.pdf
2026-05-26 17:58:06 | DEBUG    | browser | Downloaded: GeM-Bidding-9206750.pdf
2026-05-26 17:58:12 | DEBUG    | browser | Downloaded: GeM-Bidding-9351575.pdf
2026-05-26 17:58:22 | DEBUG    | browser | Downloaded: GeM-Bidding-9257018.pdf
2026-05-26 17:58:31 | DEBUG    | browser | Downloaded: GeM-Bidding-9318506.pdf
2026-05-26 17:58:41 | DEBUG    | browser | Downloaded: GeM-Bidding-9284375.pdf
2026-05-26 17:58:56 | DEBUG    | browser | Downloaded: GeM-Bidding-9383406.pdf
2026-05-26 17:59:33 | DEBUG    | browser | Filters reset
2026-05-26 17:59:33 | INFO     | browser | Selecting filter: Limited Tender
2026-05-26 17:59:41 | DEBUG    | browser | Downloaded: GeM-Bidding-9286839.pdf
2026-05-26 17:59:51 | DEBUG    | browser | Downloaded: GeM-Bidding-9286797.pdf
2026-05-26 17:59:59 | DEBUG    | browser | Downloaded: GeM-Bidding-9320013.pdf
2026-05-26 18:00:09 | DEBUG    | browser | Downloaded: GeM-Bidding-9351832.pdf
2026-05-26 18:00:18 | DEBUG    | browser | Downloaded: GeM-Bidding-9342988.pdf
2026-05-26 18:00:26 | DEBUG    | browser | Downloaded: GeM-Bidding-9371936.pdf
2026-05-26 18:00:34 | DEBUG    | browser | Downloaded: GeM-Bidding-9312381.pdf
2026-05-26 18:00:42 | DEBUG    | browser | Downloaded: GeM-Bidding-9306522.pdf
2026-05-26 18:00:54 | DEBUG    | browser | Downloaded: GeM-Bidding-9307405.pdf
2026-05-26 18:01:11 | DEBUG    | browser | Downloaded: GeM-Bidding-9068614.pdf
2026-05-26 18:01:31 | DEBUG    | browser | Filters reset
2026-05-26 18:01:31 | INFO     | browser | Selecting filter: Single Tender
2026-05-26 18:01:40 | DEBUG    | browser | Downloaded: GeM-Bidding-9286719.pdf
2026-05-26 18:01:52 | DEBUG    | browser | Downloaded: GeM-Bidding-9336119.pdf
2026-05-26 18:02:15 | DEBUG    | browser | Downloaded: GeM-Bidding-9372791.pdf
2026-05-26 18:02:24 | DEBUG    | browser | Downloaded: GeM-Bidding-9298987.pdf
2026-05-26 18:02:32 | DEBUG    | browser | Downloaded: GeM-Bidding-9308052.pdf
2026-05-26 18:02:41 | DEBUG    | browser | Downloaded: GeM-Bidding-9305223.pdf
2026-05-26 18:02:49 | DEBUG    | browser | Downloaded: GeM-Bidding-9304998.pdf
2026-05-26 18:02:58 | DEBUG    | browser | Downloaded: GeM-Bidding-9287305.pdf
2026-05-26 18:03:08 | DEBUG    | browser | Downloaded: GeM-Bidding-9307675.pdf
2026-05-26 18:03:16 | DEBUG    | browser | Downloaded: GeM-Bidding-9304882.pdf
2026-05-26 18:03:25 | INFO     | browser | Browser closed
2026-05-27 15:14:29 | INFO     | browser | Browser launched (stealth mode)
2026-05-27 15:14:29 | INFO     | browser | Opening: https://bidplus.gem.gov.in/all-bids
2026-05-27 15:14:47 | INFO     | browser | GeM listing page loaded
2026-05-27 15:14:52 | DEBUG    | browser | Filters reset
2026-05-27 15:14:52 | INFO     | browser | Selecting filter: Product Bid/RAs
2026-05-27 15:15:01 | DEBUG    | browser | Downloaded: GeM-Bidding-8552631.pdf
2026-05-27 15:15:08 | DEBUG    | browser | Downloaded: GeM-Bidding-9194531.pdf
2026-05-27 15:18:34 | DEBUG    | browser | Downloaded: GeM-Bidding-9117370.pdf
2026-05-27 15:18:57 | DEBUG    | browser | Downloaded: GeM-Bidding-8894629.pdf
2026-05-27 15:19:09 | DEBUG    | browser | Downloaded: GeM-Bidding-9311380.pdf
2026-05-27 15:19:25 | DEBUG    | browser | Downloaded: GeM-Bidding-8498005.pdf
2026-05-27 15:20:03 | DEBUG    | browser | Downloaded: GeM-Bidding-9192579.pdf
2026-05-27 15:20:21 | DEBUG    | browser | Downloaded: GeM-Bidding-8966485.pdf
2026-05-27 15:21:29 | DEBUG    | browser | Downloaded: GeM-Bidding-8985804.pdf
2026-05-27 15:22:31 | WARNING  | browser | Download attempt 1/3 failed for https://bidplus.gem.gov.in/showbidDocument/9323782: Timeout 60000ms exceeded while waiting for event "download"
=========================== logs ===========================
waiting for event "download"
============================================================
2026-05-27 15:22:42 | WARNING  | browser | Download attempt 2/3 failed for https://bidplus.gem.gov.in/showbidDocument/9323782: Page.evaluate: Execution context was destroyed, most likely because of a navigation
2026-05-27 15:22:57 | DEBUG    | browser | Downloaded: GeM-Bidding-9323782.pdf
2026-05-27 15:23:16 | DEBUG    | browser | Filters reset
2026-05-27 15:23:16 | INFO     | browser | Selecting filter: Service Bid/RAs
2026-05-27 15:23:25 | DEBUG    | browser | Downloaded: GeM-Bidding-9001875.pdf
2026-05-27 15:23:36 | DEBUG    | browser | Downloaded: GeM-Bidding-9220246.pdf
2026-05-27 15:23:45 | DEBUG    | browser | Downloaded: GeM-Bidding-9187501.pdf
2026-05-27 15:23:54 | DEBUG    | browser | Downloaded: GeM-Bidding-8979674.pdf
2026-05-27 15:24:02 | DEBUG    | browser | Downloaded: GeM-Bidding-9189730.pdf
2026-05-27 15:24:10 | DEBUG    | browser | Downloaded: GeM-Bidding-9086944.pdf
2026-05-27 15:24:18 | DEBUG    | browser | Downloaded: GeM-Bidding-9285862.pdf
2026-05-27 15:24:28 | DEBUG    | browser | Downloaded: GeM-Bidding-8811625.pdf
2026-05-27 15:24:36 | DEBUG    | browser | Downloaded: GeM-Bidding-9095342.pdf
2026-05-27 15:24:46 | DEBUG    | browser | Downloaded: GeM-Bidding-9236532.pdf
2026-05-27 15:25:01 | DEBUG    | browser | Filters reset
2026-05-27 15:25:01 | INFO     | browser | Selecting filter: Bid To RAs
2026-05-27 15:25:10 | DEBUG    | browser | Downloaded: GeM-Bidding-9224935.pdf
2026-05-27 15:25:18 | DEBUG    | browser | Downloaded: GeM-Bidding-9228975.pdf
2026-05-27 15:25:29 | DEBUG    | browser | Downloaded: GeM-Bidding-8529871.pdf
2026-05-27 15:25:39 | DEBUG    | browser | Downloaded: GeM-Bidding-9272985.pdf
2026-05-27 15:25:48 | DEBUG    | browser | Downloaded: GeM-Bidding-9262585.pdf
2026-05-27 15:26:04 | DEBUG    | browser | Downloaded: GeM-Bidding-9182343.pdf
2026-05-27 15:26:12 | DEBUG    | browser | Downloaded: GeM-Bidding-8965529.pdf
2026-05-27 15:26:22 | DEBUG    | browser | Downloaded: GeM-Bidding-8911186.pdf
2026-05-27 15:26:30 | DEBUG    | browser | Downloaded: GeM-Bidding-8758864.pdf
2026-05-27 15:26:41 | DEBUG    | browser | Downloaded: GeM-Bidding-8871567.pdf
2026-05-27 15:26:55 | DEBUG    | browser | Filters reset
2026-05-27 15:26:55 | INFO     | browser | Selecting filter: Product Custom Bid/RAs
2026-05-27 15:27:06 | DEBUG    | browser | Downloaded: GeM-Bidding-9001099.pdf
2026-05-27 15:27:17 | DEBUG    | browser | Downloaded: GeM-Bidding-9232371.pdf
2026-05-27 15:27:25 | DEBUG    | browser | Downloaded: GeM-Bidding-9032737.pdf
2026-05-27 15:27:34 | DEBUG    | browser | Downloaded: GeM-Bidding-9204476.pdf
2026-05-27 15:27:53 | DEBUG    | browser | Downloaded: GeM-Bidding-9160153.pdf
2026-05-27 15:28:03 | DEBUG    | browser | Downloaded: GeM-Bidding-8893596.pdf
2026-05-27 15:28:14 | DEBUG    | browser | Downloaded: GeM-Bidding-9224229.pdf
2026-05-27 15:28:22 | DEBUG    | browser | Downloaded: GeM-Bidding-9169004.pdf
2026-05-27 15:28:30 | DEBUG    | browser | Downloaded: GeM-Bidding-9291160.pdf
2026-05-27 15:28:40 | DEBUG    | browser | Downloaded: GeM-Bidding-9173098.pdf
2026-05-27 15:28:54 | DEBUG    | browser | Filters reset
2026-05-27 15:28:54 | INFO     | browser | Selecting filter: BOQ Bids
2026-05-27 15:29:05 | DEBUG    | browser | Downloaded: GeM-Bidding-8588460.pdf
2026-05-27 15:29:17 | DEBUG    | browser | Downloaded: GeM-Bidding-9298067.pdf
2026-05-27 15:29:26 | DEBUG    | browser | Downloaded: GeM-Bidding-9255764.pdf
2026-05-27 15:29:35 | DEBUG    | browser | Downloaded: GeM-Bidding-9125974.pdf
2026-05-27 15:30:01 | DEBUG    | browser | Downloaded: GeM-Bidding-9287239.pdf
2026-05-27 15:30:13 | DEBUG    | browser | Downloaded: GeM-Bidding-9295528.pdf
2026-05-27 15:30:25 | DEBUG    | browser | Downloaded: GeM-Bidding-9295441.pdf
2026-05-27 15:30:35 | DEBUG    | browser | Downloaded: GeM-Bidding-9295387.pdf
2026-05-27 15:30:48 | DEBUG    | browser | Downloaded: GeM-Bidding-9295299.pdf
2026-05-27 15:31:04 | DEBUG    | browser | Downloaded: GeM-Bidding-9314643.pdf
2026-05-27 15:31:22 | DEBUG    | browser | Filters reset
2026-05-27 15:31:22 | INFO     | browser | Selecting filter: Rate Contract Bids
2026-05-27 15:31:34 | DEBUG    | browser | Downloaded: GeM-Bidding-9295256.pdf
2026-05-27 15:31:43 | DEBUG    | browser | Downloaded: GeM-Bidding-9295686.pdf
2026-05-27 15:31:49 | DEBUG    | browser | Downloaded: GeM-Bidding-9271791.pdf
2026-05-27 15:31:58 | DEBUG    | browser | Downloaded: GeM-Bidding-9301536.pdf
2026-05-27 15:32:04 | DEBUG    | browser | Downloaded: GeM-Bidding-9314303.pdf
2026-05-27 15:32:12 | DEBUG    | browser | Downloaded: GeM-Bidding-9313859.pdf
2026-05-27 15:32:21 | DEBUG    | browser | Downloaded: GeM-Bidding-9321309.pdf
2026-05-27 15:32:26 | DEBUG    | browser | Downloaded: GeM-Bidding-9333908.pdf
2026-05-27 15:32:32 | DEBUG    | browser | Downloaded: GeM-Bidding-9246838.pdf
2026-05-27 15:32:42 | DEBUG    | browser | Downloaded: GeM-Bidding-9280824.pdf
2026-05-27 15:32:57 | DEBUG    | browser | Filters reset
2026-05-27 15:32:57 | INFO     | browser | Selecting filter: Global Tender
2026-05-27 15:33:06 | DEBUG    | browser | Downloaded: GeM-Bidding-9246893.pdf
2026-05-27 15:33:11 | DEBUG    | browser | Downloaded: GeM-Bidding-9255239.pdf
2026-05-27 15:33:18 | DEBUG    | browser | Downloaded: GeM-Bidding-9295700.pdf
2026-05-27 15:33:26 | DEBUG    | browser | Downloaded: GeM-Bidding-9206750.pdf
2026-05-27 15:33:32 | DEBUG    | browser | Downloaded: GeM-Bidding-9351575.pdf
2026-05-27 15:33:38 | DEBUG    | browser | Downloaded: GeM-Bidding-9257018.pdf
2026-05-27 15:33:44 | DEBUG    | browser | Downloaded: GeM-Bidding-9318506.pdf
2026-05-27 15:33:50 | DEBUG    | browser | Downloaded: GeM-Bidding-9284375.pdf
2026-05-27 15:33:57 | DEBUG    | browser | Downloaded: GeM-Bidding-9383406.pdf
2026-05-27 15:34:30 | DEBUG    | browser | Filters reset
2026-05-27 15:34:30 | INFO     | browser | Selecting filter: Limited Tender
2026-05-27 15:34:40 | DEBUG    | browser | Downloaded: GeM-Bidding-9263367.pdf
2026-05-27 15:34:50 | DEBUG    | browser | Downloaded: GeM-Bidding-9335396.pdf
2026-05-27 15:35:02 | DEBUG    | browser | Downloaded: GeM-Bidding-9324305.pdf
2026-05-27 15:35:12 | DEBUG    | browser | Downloaded: GeM-Bidding-9267770.pdf
2026-05-27 15:35:24 | DEBUG    | browser | Downloaded: GeM-Bidding-9247152.pdf
2026-05-27 15:35:37 | DEBUG    | browser | Downloaded: GeM-Bidding-9307439.pdf
2026-05-27 15:35:47 | DEBUG    | browser | Downloaded: GeM-Bidding-9357247.pdf
2026-05-27 15:35:57 | DEBUG    | browser | Downloaded: GeM-Bidding-9261909.pdf
2026-05-27 15:36:13 | DEBUG    | browser | Downloaded: GeM-Bidding-9309367.pdf
2026-05-27 15:36:33 | DEBUG    | browser | Downloaded: GeM-Bidding-9309515.pdf
2026-05-27 15:36:49 | DEBUG    | browser | Filters reset
2026-05-27 15:36:49 | INFO     | browser | Selecting filter: Single Tender
2026-05-27 15:36:58 | DEBUG    | browser | Downloaded: GeM-Bidding-9295485.pdf
2026-05-27 15:37:09 | DEBUG    | browser | Downloaded: GeM-Bidding-9236027.pdf
2026-05-27 15:37:42 | DEBUG    | browser | Downloaded: GeM-Bidding-9319890.pdf
2026-05-27 15:37:59 | DEBUG    | browser | Downloaded: GeM-Bidding-9251958.pdf
2026-05-27 15:38:13 | DEBUG    | browser | Downloaded: GeM-Bidding-9295551.pdf
2026-05-27 15:38:32 | DEBUG    | browser | Downloaded: GeM-Bidding-9294733.pdf
2026-05-27 15:38:48 | DEBUG    | browser | Downloaded: GeM-Bidding-9308528.pdf
2026-05-27 15:39:22 | DEBUG    | browser | Downloaded: GeM-Bidding-9257947.pdf
2026-05-27 15:39:35 | DEBUG    | browser | Downloaded: GeM-Bidding-9304874.pdf
2026-05-27 15:39:48 | DEBUG    | browser | Downloaded: GeM-Bidding-9329904.pdf
2026-05-27 15:40:03 | INFO     | browser | Browser closed
2026-05-27 17:28:58 | INFO     | browser | Browser launched (stealth mode)
2026-05-27 17:28:58 | INFO     | browser | Opening: https://bidplus.gem.gov.in/all-bids
2026-05-27 17:29:07 | INFO     | browser | GeM listing page loaded
2026-05-27 17:29:12 | DEBUG    | browser | Filters reset
2026-05-27 17:29:12 | INFO     | browser | Selecting filter: Product Bid/RAs
2026-05-27 17:29:22 | DEBUG    | browser | Downloaded: GeM-Bidding-9184990.pdf
2026-05-27 17:31:13 | DEBUG    | browser | Downloaded: GeM-Bidding-8911186.pdf
2026-05-27 17:31:18 | DEBUG    | browser | Downloaded: GeM-Bidding-8968005.pdf
2026-05-27 17:31:25 | DEBUG    | browser | Downloaded: GeM-Bidding-8736998.pdf
2026-05-27 17:31:33 | DEBUG    | browser | Downloaded: GeM-Bidding-9224229.pdf
2026-05-27 17:31:39 | DEBUG    | browser | Downloaded: GeM-Bidding-8529871.pdf
2026-05-27 17:31:46 | DEBUG    | browser | Downloaded: GeM-Bidding-9001099.pdf
2026-05-27 17:31:53 | DEBUG    | browser | Downloaded: GeM-Bidding-8929552.pdf
2026-05-27 17:32:01 | DEBUG    | browser | Downloaded: GeM-Bidding-9192579.pdf
2026-05-27 17:32:09 | DEBUG    | browser | Downloaded: GeM-Bidding-9182343.pdf
2026-05-27 17:32:21 | DEBUG    | browser | Filters reset
2026-05-27 17:32:21 | INFO     | browser | Selecting filter: Service Bid/RAs
2026-05-27 17:32:30 | DEBUG    | browser | Downloaded: GeM-Bidding-9220246.pdf
2026-05-27 17:32:37 | DEBUG    | browser | Downloaded: GeM-Bidding-9187501.pdf
2026-05-27 17:32:44 | DEBUG    | browser | Downloaded: GeM-Bidding-9001875.pdf
2026-05-27 17:32:50 | DEBUG    | browser | Downloaded: GeM-Bidding-8811625.pdf
2026-05-27 17:32:56 | DEBUG    | browser | Downloaded: GeM-Bidding-8935733.pdf
2026-05-27 17:33:03 | DEBUG    | browser | Downloaded: GeM-Bidding-9095342.pdf
2026-05-27 17:33:12 | DEBUG    | browser | Downloaded: GeM-Bidding-9189730.pdf
2026-05-27 17:33:19 | DEBUG    | browser | Downloaded: GeM-Bidding-8979674.pdf
2026-05-27 17:33:27 | DEBUG    | browser | Downloaded: GeM-Bidding-9086944.pdf
2026-05-27 17:33:35 | DEBUG    | browser | Downloaded: GeM-Bidding-9236532.pdf
2026-05-27 17:33:50 | DEBUG    | browser | Filters reset
2026-05-27 17:33:50 | INFO     | browser | Selecting filter: Bid To RAs
2026-05-27 17:34:00 | DEBUG    | browser | Downloaded: GeM-Bidding-9262134.pdf
2026-05-27 17:34:13 | DEBUG    | browser | Downloaded: GeM-Bidding-9259503.pdf
2026-05-27 17:34:21 | DEBUG    | browser | Downloaded: GeM-Bidding-9134845.pdf
2026-05-27 17:34:32 | DEBUG    | browser | Downloaded: GeM-Bidding-9222820.pdf
2026-05-27 17:34:40 | DEBUG    | browser | Downloaded: GeM-Bidding-9190888.pdf
2026-05-27 17:34:47 | DEBUG    | browser | Downloaded: GeM-Bidding-8081022.pdf
2026-05-27 17:34:54 | DEBUG    | browser | Downloaded: GeM-Bidding-8758864.pdf
2026-05-27 17:35:03 | DEBUG    | browser | Downloaded: GeM-Bidding-8722719.pdf
2026-05-27 17:35:17 | DEBUG    | browser | Downloaded: GeM-Bidding-9291160.pdf
2026-05-27 17:35:26 | DEBUG    | browser | Downloaded: GeM-Bidding-9191840.pdf
2026-05-27 17:35:42 | DEBUG    | browser | Filters reset
2026-05-27 17:35:42 | INFO     | browser | Selecting filter: Product Custom Bid/RAs
2026-05-27 17:35:51 | DEBUG    | browser | Downloaded: GeM-Bidding-8893596.pdf
2026-05-27 17:36:03 | DEBUG    | browser | Downloaded: GeM-Bidding-8869323.pdf
2026-05-27 17:36:15 | DEBUG    | browser | Downloaded: GeM-Bidding-8760396.pdf
2026-05-27 17:36:33 | DEBUG    | browser | Downloaded: GeM-Bidding-9243421.pdf
2026-05-27 17:36:41 | DEBUG    | browser | Downloaded: GeM-Bidding-9240187.pdf
2026-05-27 17:36:51 | DEBUG    | browser | Downloaded: GeM-Bidding-9237412.pdf
2026-05-27 17:36:59 | DEBUG    | browser | Downloaded: GeM-Bidding-9212936.pdf
2026-05-27 17:37:10 | DEBUG    | browser | Downloaded: GeM-Bidding-9207011.pdf
2026-05-27 17:37:18 | DEBUG    | browser | Downloaded: GeM-Bidding-9111050.pdf
2026-05-27 17:37:31 | DEBUG    | browser | Downloaded: GeM-Bidding-9293307.pdf
2026-05-27 17:37:43 | DEBUG    | browser | Filters reset
2026-05-27 17:37:43 | INFO     | browser | Selecting filter: BOQ Bids
2026-05-27 17:37:51 | DEBUG    | browser | Downloaded: GeM-Bidding-9160880.pdf
2026-05-27 17:38:16 | DEBUG    | browser | Downloaded: GeM-Bidding-9088002.pdf
2026-05-27 17:38:32 | DEBUG    | browser | Downloaded: GeM-Bidding-9289486.pdf
2026-05-27 17:38:41 | DEBUG    | browser | Downloaded: GeM-Bidding-9285307.pdf
2026-05-27 17:38:52 | DEBUG    | browser | Downloaded: GeM-Bidding-9209758.pdf
2026-05-27 17:39:03 | DEBUG    | browser | Downloaded: GeM-Bidding-9107749.pdf
2026-05-27 17:39:11 | DEBUG    | browser | Downloaded: GeM-Bidding-9280525.pdf
2026-05-27 17:39:47 | DEBUG    | browser | Downloaded: GeM-Bidding-9331493.pdf
2026-05-27 17:40:00 | DEBUG    | browser | Downloaded: GeM-Bidding-9320374.pdf
2026-05-27 17:40:16 | DEBUG    | browser | Downloaded: GeM-Bidding-9293742.pdf
2026-05-27 17:40:28 | DEBUG    | browser | Filters reset
2026-05-27 17:40:28 | INFO     | browser | Selecting filter: Rate Contract Bids
2026-05-27 17:40:38 | DEBUG    | browser | Downloaded: GeM-Bidding-9271791.pdf
2026-05-27 17:40:46 | DEBUG    | browser | Downloaded: GeM-Bidding-9301536.pdf
2026-05-27 17:41:02 | DEBUG    | browser | Downloaded: GeM-Bidding-9314303.pdf
2026-05-27 17:41:11 | DEBUG    | browser | Downloaded: GeM-Bidding-9313859.pdf
2026-05-27 17:41:22 | DEBUG    | browser | Downloaded: GeM-Bidding-9321309.pdf
2026-05-27 17:41:35 | DEBUG    | browser | Downloaded: GeM-Bidding-9333908.pdf
2026-05-27 17:41:45 | DEBUG    | browser | Downloaded: GeM-Bidding-9246838.pdf
2026-05-27 17:41:54 | DEBUG    | browser | Downloaded: GeM-Bidding-9280824.pdf
2026-05-27 17:42:03 | DEBUG    | browser | Downloaded: GeM-Bidding-9260934.pdf
2026-05-27 17:42:14 | DEBUG    | browser | Downloaded: GeM-Bidding-9262054.pdf
2026-05-27 17:42:30 | DEBUG    | browser | Filters reset
2026-05-27 17:42:30 | INFO     | browser | Selecting filter: Global Tender
2026-05-27 17:42:38 | DEBUG    | browser | Downloaded: GeM-Bidding-9246893.pdf
2026-05-27 17:42:47 | DEBUG    | browser | Downloaded: GeM-Bidding-9255239.pdf
2026-05-27 17:42:55 | DEBUG    | browser | Downloaded: GeM-Bidding-9295700.pdf
2026-05-27 17:43:02 | DEBUG    | browser | Downloaded: GeM-Bidding-9206750.pdf
2026-05-27 17:43:09 | DEBUG    | browser | Downloaded: GeM-Bidding-9351575.pdf
2026-05-27 17:43:16 | DEBUG    | browser | Downloaded: GeM-Bidding-9257018.pdf
2026-05-27 17:43:26 | DEBUG    | browser | Downloaded: GeM-Bidding-9318506.pdf
2026-05-27 17:43:35 | DEBUG    | browser | Downloaded: GeM-Bidding-9284375.pdf
2026-05-27 17:43:43 | DEBUG    | browser | Downloaded: GeM-Bidding-9383406.pdf
2026-05-27 21:16:35 | INFO     | browser | Browser launched (stealth mode)
2026-05-27 21:16:35 | INFO     | browser | Opening: https://bidplus.gem.gov.in/all-bids
2026-05-27 21:16:46 | INFO     | browser | GeM listing page loaded
2026-05-27 21:16:52 | DEBUG    | browser | Filters reset
2026-05-27 21:16:52 | INFO     | browser | Selecting filter: Product Bid/RAs
2026-05-27 21:17:00 | DEBUG    | browser | Downloaded: GeM-Bidding-9265393.pdf
2026-05-27 21:17:37 | DEBUG    | browser | Downloaded: GeM-Bidding-9216645.pdf
2026-05-27 21:17:48 | DEBUG    | browser | Downloaded: GeM-Bidding-9287907.pdf
2026-05-27 21:18:00 | DEBUG    | browser | Downloaded: GeM-Bidding-9283902.pdf
2026-05-27 21:18:10 | DEBUG    | browser | Downloaded: GeM-Bidding-9267310.pdf
2026-05-27 21:18:18 | DEBUG    | browser | Downloaded: GeM-Bidding-9261797.pdf
2026-05-27 21:18:27 | DEBUG    | browser | Downloaded: GeM-Bidding-9261149.pdf
2026-05-27 21:18:35 | DEBUG    | browser | Downloaded: GeM-Bidding-9259335.pdf
2026-05-27 21:18:42 | DEBUG    | browser | Downloaded: GeM-Bidding-9251877.pdf
2026-05-27 21:18:52 | DEBUG    | browser | Downloaded: GeM-Bidding-9240564.pdf
2026-05-27 21:19:10 | DEBUG    | browser | Filters reset
2026-05-27 21:19:10 | INFO     | browser | Selecting filter: Service Bid/RAs
2026-05-27 21:19:18 | DEBUG    | browser | Downloaded: GeM-Bidding-9302972.pdf
2026-05-27 21:19:24 | DEBUG    | browser | Downloaded: GeM-Bidding-9300659.pdf
2026-05-27 21:19:33 | DEBUG    | browser | Downloaded: GeM-Bidding-9298496.pdf
2026-05-27 21:19:40 | DEBUG    | browser | Downloaded: GeM-Bidding-9297987.pdf
2026-05-27 21:19:49 | DEBUG    | browser | Downloaded: GeM-Bidding-9297770.pdf
2026-05-27 21:19:58 | DEBUG    | browser | Downloaded: GeM-Bidding-9340902.pdf
2026-05-27 21:20:10 | DEBUG    | browser | Downloaded: GeM-Bidding-9315502.pdf
2026-05-27 21:20:18 | DEBUG    | browser | Downloaded: GeM-Bidding-9272165.pdf
2026-05-27 21:20:26 | DEBUG    | browser | Downloaded: GeM-Bidding-9272081.pdf
2026-05-27 21:20:34 | DEBUG    | browser | Downloaded: GeM-Bidding-9224549.pdf
2026-05-27 21:20:49 | DEBUG    | browser | Filters reset
2026-05-27 21:20:49 | INFO     | browser | Selecting filter: Bid To RAs
2026-05-27 21:20:58 | DEBUG    | browser | Downloaded: GeM-Bidding-9209195.pdf
2026-05-27 21:21:07 | DEBUG    | browser | Downloaded: GeM-Bidding-9352845.pdf
2026-05-27 21:21:19 | DEBUG    | browser | Downloaded: GeM-Bidding-9041471.pdf
2026-05-27 21:21:27 | DEBUG    | browser | Downloaded: GeM-Bidding-9326382.pdf
2026-05-27 21:21:41 | DEBUG    | browser | Downloaded: GeM-Bidding-9326454.pdf
2026-05-27 21:21:54 | DEBUG    | browser | Downloaded: GeM-Bidding-9250107.pdf
2026-05-27 21:22:01 | DEBUG    | browser | Downloaded: GeM-Bidding-9326495.pdf
2026-05-27 21:22:13 | DEBUG    | browser | Downloaded: GeM-Bidding-9204819.pdf
2026-05-27 21:22:22 | DEBUG    | browser | Downloaded: GeM-Bidding-9230256.pdf
2026-05-27 21:22:31 | DEBUG    | browser | Downloaded: GeM-Bidding-9328129.pdf
2026-05-27 21:22:45 | DEBUG    | browser | Filters reset
2026-05-27 21:22:45 | INFO     | browser | Selecting filter: Product Custom Bid/RAs
2026-05-27 21:22:53 | DEBUG    | browser | Downloaded: GeM-Bidding-9225222.pdf
2026-05-27 21:23:02 | DEBUG    | browser | Downloaded: GeM-Bidding-9217212.pdf
2026-05-27 21:23:11 | DEBUG    | browser | Downloaded: GeM-Bidding-9132559.pdf
2026-05-27 21:23:21 | DEBUG    | browser | Downloaded: GeM-Bidding-9279007.pdf
2026-05-27 21:23:37 | DEBUG    | browser | Downloaded: GeM-Bidding-9315578.pdf
2026-05-27 21:23:45 | DEBUG    | browser | Downloaded: GeM-Bidding-9294058.pdf
2026-05-27 21:23:52 | DEBUG    | browser | Downloaded: GeM-Bidding-9293954.pdf
2026-05-27 21:24:01 | DEBUG    | browser | Downloaded: GeM-Bidding-9297610.pdf
2026-05-27 21:24:09 | DEBUG    | browser | Downloaded: GeM-Bidding-9269598.pdf
2026-05-27 21:24:22 | DEBUG    | browser | Downloaded: GeM-Bidding-9208440.pdf
2026-05-27 21:24:36 | DEBUG    | browser | Filters reset
2026-05-27 21:24:36 | INFO     | browser | Selecting filter: BOQ Bids
2026-05-27 21:24:46 | DEBUG    | browser | Downloaded: GeM-Bidding-9298679.pdf
2026-05-27 21:24:58 | DEBUG    | browser | Downloaded: GeM-Bidding-9298032.pdf
2026-05-27 21:25:13 | DEBUG    | browser | Downloaded: GeM-Bidding-9297790.pdf
2026-05-27 21:25:20 | DEBUG    | browser | Downloaded: GeM-Bidding-9297406.pdf
2026-05-27 21:25:30 | DEBUG    | browser | Downloaded: GeM-Bidding-9297388.pdf
2026-05-27 21:25:39 | DEBUG    | browser | Downloaded: GeM-Bidding-9282285.pdf
2026-05-27 21:25:48 | DEBUG    | browser | Downloaded: GeM-Bidding-9278512.pdf
2026-05-27 21:25:59 | DEBUG    | browser | Downloaded: GeM-Bidding-9277216.pdf
2026-05-27 21:26:33 | DEBUG    | browser | Downloaded: GeM-Bidding-9277171.pdf
2026-05-27 21:34:18 | DEBUG    | browser | Downloaded: GeM-Bidding-9276656.pdf
2026-05-27 21:36:11 | DEBUG    | browser | Filters reset
2026-05-27 21:36:11 | INFO     | browser | Selecting filter: Rate Contract Bids
2026-05-27 21:36:25 | DEBUG    | browser | Downloaded: GeM-Bidding-9271791.pdf
2026-05-27 21:36:32 | DEBUG    | browser | Downloaded: GeM-Bidding-9301536.pdf
2026-05-27 21:36:38 | DEBUG    | browser | Downloaded: GeM-Bidding-9314303.pdf
2026-05-27 21:36:44 | DEBUG    | browser | Downloaded: GeM-Bidding-9313859.pdf
2026-05-27 21:36:52 | DEBUG    | browser | Downloaded: GeM-Bidding-9321309.pdf
2026-05-27 21:36:59 | DEBUG    | browser | Downloaded: GeM-Bidding-9333908.pdf
2026-05-27 21:37:04 | DEBUG    | browser | Downloaded: GeM-Bidding-9246838.pdf
2026-05-27 21:37:09 | DEBUG    | browser | Downloaded: GeM-Bidding-9280824.pdf
2026-05-27 21:37:16 | DEBUG    | browser | Downloaded: GeM-Bidding-9260934.pdf
2026-05-27 21:37:24 | DEBUG    | browser | Downloaded: GeM-Bidding-9262054.pdf
2026-05-27 21:37:37 | DEBUG    | browser | Filters reset
2026-05-27 21:37:37 | INFO     | browser | Selecting filter: Global Tender
2026-05-27 21:37:47 | DEBUG    | browser | Downloaded: GeM-Bidding-9246893.pdf
2026-05-27 21:37:52 | DEBUG    | browser | Downloaded: GeM-Bidding-9255239.pdf
2026-05-27 21:37:58 | DEBUG    | browser | Downloaded: GeM-Bidding-9295700.pdf
2026-05-27 21:38:03 | DEBUG    | browser | Downloaded: GeM-Bidding-9206750.pdf
2026-05-27 21:38:09 | DEBUG    | browser | Downloaded: GeM-Bidding-9351575.pdf
2026-05-27 21:38:15 | DEBUG    | browser | Downloaded: GeM-Bidding-9257018.pdf
2026-05-27 21:38:24 | DEBUG    | browser | Downloaded: GeM-Bidding-9318506.pdf
2026-05-27 21:38:30 | DEBUG    | browser | Downloaded: GeM-Bidding-9284375.pdf
2026-05-27 21:38:36 | DEBUG    | browser | Downloaded: GeM-Bidding-9383406.pdf
2026-05-27 21:39:15 | DEBUG    | browser | Filters reset
2026-05-27 21:39:15 | INFO     | browser | Selecting filter: Limited Tender
2026-05-27 21:39:24 | DEBUG    | browser | Downloaded: GeM-Bidding-9325461.pdf
2026-05-27 21:39:41 | DEBUG    | browser | Downloaded: GeM-Bidding-9362960.pdf
2026-05-27 21:39:54 | DEBUG    | browser | Downloaded: GeM-Bidding-9342381.pdf
2026-05-27 21:40:05 | DEBUG    | browser | Downloaded: GeM-Bidding-9342310.pdf
2026-05-27 21:40:14 | DEBUG    | browser | Downloaded: GeM-Bidding-9253462.pdf
2026-05-27 21:40:27 | DEBUG    | browser | Downloaded: GeM-Bidding-9296927.pdf
2026-05-27 21:40:38 | DEBUG    | browser | Downloaded: GeM-Bidding-9330597.pdf
2026-05-27 21:40:49 | DEBUG    | browser | Downloaded: GeM-Bidding-9329925.pdf
2026-05-27 21:41:01 | DEBUG    | browser | Downloaded: GeM-Bidding-9358296.pdf
2026-05-27 21:41:12 | DEBUG    | browser | Downloaded: GeM-Bidding-9342446.pdf
2026-05-27 21:41:28 | DEBUG    | browser | Filters reset
2026-05-27 21:41:28 | INFO     | browser | Selecting filter: Single Tender
2026-05-27 21:41:35 | DEBUG    | browser | Downloaded: GeM-Bidding-9251406.pdf
2026-05-27 21:41:55 | DEBUG    | browser | Downloaded: GeM-Bidding-9269084.pdf
2026-05-27 21:42:04 | DEBUG    | browser | Downloaded: GeM-Bidding-9303393.pdf
2026-05-27 21:42:14 | DEBUG    | browser | Downloaded: GeM-Bidding-9209080.pdf
2026-05-27 21:42:26 | DEBUG    | browser | Downloaded: GeM-Bidding-9335429.pdf
2026-05-27 21:42:34 | DEBUG    | browser | Downloaded: GeM-Bidding-9349023.pdf
2026-05-27 21:42:42 | DEBUG    | browser | Downloaded: GeM-Bidding-9269254.pdf
2026-05-27 21:42:52 | DEBUG    | browser | Downloaded: GeM-Bidding-9236724.pdf
2026-05-27 21:43:01 | DEBUG    | browser | Downloaded: GeM-Bidding-9300093.pdf
2026-05-27 21:43:08 | DEBUG    | browser | Downloaded: GeM-Bidding-9224328.pdf
2026-05-27 21:43:18 | INFO     | browser | Browser closed
2026-05-27 21:45:14 | INFO     | browser | Browser launched (stealth mode)
2026-05-27 21:45:14 | INFO     | browser | Opening: https://bidplus.gem.gov.in/all-bids
2026-05-27 21:45:24 | INFO     | browser | GeM listing page loaded
2026-05-27 21:45:28 | DEBUG    | browser | Filters reset
2026-05-27 21:45:28 | INFO     | browser | Selecting filter: Product Bid/RAs
2026-05-27 21:45:36 | DEBUG    | browser | Downloaded: GeM-Bidding-9265393.pdf
2026-05-27 21:45:43 | DEBUG    | browser | Downloaded: GeM-Bidding-9216645.pdf
2026-05-27 21:45:47 | DEBUG    | browser | Downloaded: GeM-Bidding-9287907.pdf
2026-05-27 21:45:55 | DEBUG    | browser | Downloaded: GeM-Bidding-9283902.pdf
2026-05-27 21:46:01 | DEBUG    | browser | Downloaded: GeM-Bidding-9267310.pdf
2026-05-27 21:46:07 | DEBUG    | browser | Downloaded: GeM-Bidding-9261797.pdf
2026-05-27 21:46:13 | DEBUG    | browser | Downloaded: GeM-Bidding-9261149.pdf
2026-05-27 21:46:19 | DEBUG    | browser | Downloaded: GeM-Bidding-9259335.pdf
2026-05-27 21:46:27 | DEBUG    | browser | Downloaded: GeM-Bidding-9251877.pdf
2026-05-27 21:46:33 | DEBUG    | browser | Downloaded: GeM-Bidding-9240564.pdf
2026-05-27 21:46:44 | DEBUG    | browser | Filters reset
2026-05-27 21:46:44 | INFO     | browser | Selecting filter: Service Bid/RAs
2026-05-27 21:46:53 | DEBUG    | browser | Downloaded: GeM-Bidding-9263200.pdf
2026-05-27 21:47:28 | DEBUG    | browser | Downloaded: GeM-Bidding-9244934.pdf
2026-05-27 21:47:36 | DEBUG    | browser | Downloaded: GeM-Bidding-9236594.pdf
2026-05-27 21:47:44 | DEBUG    | browser | Downloaded: GeM-Bidding-9302972.pdf
2026-05-27 21:47:49 | DEBUG    | browser | Downloaded: GeM-Bidding-9300659.pdf
2026-05-27 21:47:53 | DEBUG    | browser | Downloaded: GeM-Bidding-9375693.pdf
2026-05-27 21:48:02 | DEBUG    | browser | Downloaded: GeM-Bidding-9375535.pdf
2026-05-27 21:48:09 | DEBUG    | browser | Downloaded: GeM-Bidding-9375163.pdf
2026-05-27 21:48:17 | DEBUG    | browser | Downloaded: GeM-Bidding-9375152.pdf
2026-05-27 21:48:25 | DEBUG    | browser | Downloaded: GeM-Bidding-9375095.pdf
2026-05-27 21:48:36 | DEBUG    | browser | Filters reset
2026-05-27 21:48:36 | INFO     | browser | Selecting filter: Bid To RAs
2026-05-27 21:48:45 | DEBUG    | browser | Downloaded: GeM-Bidding-9209195.pdf
2026-05-27 21:48:51 | DEBUG    | browser | Downloaded: GeM-Bidding-9352845.pdf
2026-05-27 21:48:55 | DEBUG    | browser | Downloaded: GeM-Bidding-9041471.pdf
2026-05-27 21:49:02 | DEBUG    | browser | Downloaded: GeM-Bidding-9326382.pdf
2026-05-27 21:49:09 | DEBUG    | browser | Downloaded: GeM-Bidding-9326454.pdf
2026-05-27 21:49:15 | DEBUG    | browser | Downloaded: GeM-Bidding-9326495.pdf
2026-05-27 21:49:21 | DEBUG    | browser | Downloaded: GeM-Bidding-9204819.pdf
2026-05-27 21:49:27 | DEBUG    | browser | Downloaded: GeM-Bidding-9230256.pdf
2026-05-27 21:49:34 | DEBUG    | browser | Downloaded: GeM-Bidding-9328129.pdf
2026-05-27 21:49:42 | DEBUG    | browser | Downloaded: GeM-Bidding-9326545.pdf
2026-05-27 21:50:01 | DEBUG    | browser | Filters reset
2026-05-27 21:50:01 | INFO     | browser | Selecting filter: Product Custom Bid/RAs
2026-05-27 21:50:12 | DEBUG    | browser | Downloaded: GeM-Bidding-9225222.pdf
2026-05-27 21:50:18 | DEBUG    | browser | Downloaded: GeM-Bidding-9217212.pdf
2026-05-27 21:50:24 | DEBUG    | browser | Downloaded: GeM-Bidding-9132559.pdf
2026-05-27 21:50:31 | DEBUG    | browser | Downloaded: GeM-Bidding-9279007.pdf
2026-05-27 21:50:42 | DEBUG    | browser | Downloaded: GeM-Bidding-9315578.pdf
2026-05-27 21:50:48 | DEBUG    | browser | Downloaded: GeM-Bidding-9294058.pdf
2026-05-27 21:50:55 | DEBUG    | browser | Downloaded: GeM-Bidding-9293954.pdf
2026-05-27 21:51:02 | DEBUG    | browser | Downloaded: GeM-Bidding-9297610.pdf
2026-05-27 21:51:09 | DEBUG    | browser | Downloaded: GeM-Bidding-9269598.pdf
2026-05-27 21:51:19 | DEBUG    | browser | Downloaded: GeM-Bidding-9242031.pdf
2026-05-27 21:51:35 | DEBUG    | browser | Filters reset
2026-05-27 21:51:35 | INFO     | browser | Selecting filter: BOQ Bids
2026-05-27 21:51:44 | DEBUG    | browser | Downloaded: GeM-Bidding-9300382.pdf
2026-05-27 21:51:52 | DEBUG    | browser | Downloaded: GeM-Bidding-9281095.pdf
2026-05-27 21:52:03 | DEBUG    | browser | Downloaded: GeM-Bidding-9272088.pdf
2026-05-27 21:52:13 | DEBUG    | browser | Downloaded: GeM-Bidding-9269099.pdf
2026-05-27 21:52:24 | DEBUG    | browser | Downloaded: GeM-Bidding-9239379.pdf
2026-05-27 21:52:33 | DEBUG    | browser | Downloaded: GeM-Bidding-9298679.pdf
2026-05-27 21:52:40 | DEBUG    | browser | Downloaded: GeM-Bidding-9298032.pdf
2026-05-27 21:52:49 | DEBUG    | browser | Downloaded: GeM-Bidding-9297790.pdf
2026-05-27 21:52:55 | DEBUG    | browser | Downloaded: GeM-Bidding-9297406.pdf
2026-05-27 21:53:05 | DEBUG    | browser | Downloaded: GeM-Bidding-9327025.pdf
2026-05-27 21:53:20 | DEBUG    | browser | Filters reset
2026-05-27 21:53:20 | INFO     | browser | Selecting filter: Rate Contract Bids
2026-05-27 21:53:28 | DEBUG    | browser | Downloaded: GeM-Bidding-9301536.pdf
2026-05-27 21:53:34 | DEBUG    | browser | Downloaded: GeM-Bidding-9271791.pdf
2026-05-27 21:53:41 | DEBUG    | browser | Downloaded: GeM-Bidding-9314303.pdf
2026-05-27 21:53:46 | DEBUG    | browser | Downloaded: GeM-Bidding-9313859.pdf
2026-05-27 21:53:53 | DEBUG    | browser | Downloaded: GeM-Bidding-9321309.pdf
2026-05-27 21:53:58 | DEBUG    | browser | Downloaded: GeM-Bidding-9333908.pdf
2026-05-27 21:54:05 | DEBUG    | browser | Downloaded: GeM-Bidding-9246838.pdf
2026-05-27 21:54:11 | DEBUG    | browser | Downloaded: GeM-Bidding-9280824.pdf
2026-05-27 21:54:16 | DEBUG    | browser | Downloaded: GeM-Bidding-9260934.pdf
2026-05-27 21:54:24 | DEBUG    | browser | Downloaded: GeM-Bidding-9262054.pdf
2026-05-27 21:54:34 | DEBUG    | browser | Filters reset
2026-05-27 21:54:34 | INFO     | browser | Selecting filter: Global Tender
2026-05-27 21:54:41 | DEBUG    | browser | Downloaded: GeM-Bidding-9246893.pdf
2026-05-27 21:54:48 | DEBUG    | browser | Downloaded: GeM-Bidding-9255239.pdf
2026-05-27 21:54:55 | DEBUG    | browser | Downloaded: GeM-Bidding-9295700.pdf
2026-05-27 21:55:01 | DEBUG    | browser | Downloaded: GeM-Bidding-9206750.pdf
2026-05-27 21:55:07 | DEBUG    | browser | Downloaded: GeM-Bidding-9351575.pdf
2026-05-27 21:55:13 | DEBUG    | browser | Downloaded: GeM-Bidding-9257018.pdf
2026-05-27 21:55:18 | DEBUG    | browser | Downloaded: GeM-Bidding-9318506.pdf
2026-05-27 21:55:22 | DEBUG    | browser | Downloaded: GeM-Bidding-9284375.pdf
2026-05-27 21:55:29 | DEBUG    | browser | Downloaded: GeM-Bidding-9383406.pdf
2026-05-27 21:55:57 | DEBUG    | browser | Filters reset
2026-05-27 21:55:57 | INFO     | browser | Selecting filter: Limited Tender
2026-05-27 21:56:06 | DEBUG    | browser | Downloaded: GeM-Bidding-9296927.pdf
2026-05-27 21:56:13 | DEBUG    | browser | Downloaded: GeM-Bidding-9325461.pdf
2026-05-27 21:56:17 | DEBUG    | browser | Downloaded: GeM-Bidding-9362960.pdf
2026-05-27 21:56:23 | DEBUG    | browser | Downloaded: GeM-Bidding-9342381.pdf
2026-05-27 21:56:29 | DEBUG    | browser | Downloaded: GeM-Bidding-9342310.pdf
2026-05-27 21:56:36 | DEBUG    | browser | Downloaded: GeM-Bidding-9253462.pdf
2026-05-27 21:56:42 | DEBUG    | browser | Downloaded: GeM-Bidding-9298123.pdf
2026-05-27 21:56:48 | DEBUG    | browser | Downloaded: GeM-Bidding-9293686.pdf
2026-05-27 21:56:56 | DEBUG    | browser | Downloaded: GeM-Bidding-9330597.pdf
2026-05-27 21:57:02 | DEBUG    | browser | Downloaded: GeM-Bidding-9329925.pdf
2026-05-27 21:57:14 | DEBUG    | browser | Filters reset
2026-05-27 21:57:14 | INFO     | browser | Selecting filter: Single Tender
2026-05-27 21:57:22 | DEBUG    | browser | Downloaded: GeM-Bidding-9269084.pdf
2026-05-27 21:57:27 | DEBUG    | browser | Downloaded: GeM-Bidding-9303393.pdf
2026-05-27 21:57:32 | DEBUG    | browser | Downloaded: GeM-Bidding-9251406.pdf
2026-05-27 21:57:37 | DEBUG    | browser | Downloaded: GeM-Bidding-9269254.pdf
2026-05-27 21:57:43 | DEBUG    | browser | Downloaded: GeM-Bidding-9335429.pdf
2026-05-27 21:57:49 | DEBUG    | browser | Downloaded: GeM-Bidding-9349023.pdf
2026-05-27 21:57:56 | DEBUG    | browser | Downloaded: GeM-Bidding-9209080.pdf
2026-05-27 21:58:02 | DEBUG    | browser | Downloaded: GeM-Bidding-9300093.pdf
2026-05-27 21:58:08 | DEBUG    | browser | Downloaded: GeM-Bidding-9224328.pdf
2026-05-27 21:58:15 | DEBUG    | browser | Downloaded: GeM-Bidding-9314402.pdf
2026-05-27 21:58:25 | INFO     | browser | Browser closed
2026-05-27 22:52:05 | INFO     | browser | Browser launched (stealth mode)
2026-05-27 22:52:05 | INFO     | browser | Opening: https://bidplus.gem.gov.in/all-bids
2026-05-27 22:52:16 | INFO     | browser | GeM listing page loaded
2026-05-27 22:52:19 | DEBUG    | browser | Filters reset
2026-05-27 22:52:19 | INFO     | browser | Selecting filter: Product Bid/RAs
2026-05-27 22:52:28 | DEBUG    | browser | Downloaded: GeM-Bidding-9265393.pdf
2026-05-27 22:52:52 | DEBUG    | browser | Downloaded: GeM-Bidding-9216645.pdf
2026-05-27 22:52:58 | DEBUG    | browser | Downloaded: GeM-Bidding-9303393.pdf
2026-05-27 22:53:05 | DEBUG    | browser | Downloaded: GeM-Bidding-9300765.pdf
2026-05-27 22:53:20 | INFO     | browser | Browser launched (stealth mode)
2026-05-27 22:53:20 | INFO     | browser | Opening: https://bidplus.gem.gov.in/all-bids
2026-05-27 22:53:30 | INFO     | browser | GeM listing page loaded
2026-05-27 22:53:35 | DEBUG    | browser | Filters reset
2026-05-27 22:53:35 | INFO     | browser | Selecting filter: Product Bid/RAs
2026-05-27 22:53:41 | DEBUG    | browser | Downloaded: GeM-Bidding-9265393.pdf
2026-05-27 22:53:48 | DEBUG    | browser | Downloaded: GeM-Bidding-9216645.pdf
2026-05-27 22:53:53 | DEBUG    | browser | Downloaded: GeM-Bidding-9287907.pdf
2026-05-27 22:54:15 | DEBUG    | browser | Downloaded: GeM-Bidding-9283902.pdf
2026-05-27 22:54:20 | DEBUG    | browser | Downloaded: GeM-Bidding-9267310.pdf
2026-05-27 22:54:32 | DEBUG    | browser | Filters reset
2026-05-27 22:54:32 | INFO     | browser | Selecting filter: Service Bid/RAs
2026-05-27 22:54:40 | DEBUG    | browser | Downloaded: GeM-Bidding-9302972.pdf
2026-05-27 22:54:47 | DEBUG    | browser | Downloaded: GeM-Bidding-9300659.pdf
2026-05-27 22:54:54 | DEBUG    | browser | Downloaded: GeM-Bidding-9298496.pdf
2026-05-27 22:55:00 | DEBUG    | browser | Downloaded: GeM-Bidding-9297987.pdf
2026-05-27 22:55:07 | DEBUG    | browser | Downloaded: GeM-Bidding-9297770.pdf
2026-05-27 22:55:19 | DEBUG    | browser | Filters reset
2026-05-27 22:55:19 | INFO     | browser | Selecting filter: Bid To RAs
2026-05-27 22:55:26 | DEBUG    | browser | Downloaded: GeM-Bidding-9352845.pdf
2026-05-27 22:55:33 | DEBUG    | browser | Downloaded: GeM-Bidding-9041471.pdf
2026-05-27 22:55:39 | DEBUG    | browser | Downloaded: GeM-Bidding-9326382.pdf
2026-05-27 22:55:48 | DEBUG    | browser | Downloaded: GeM-Bidding-9326454.pdf
2026-05-27 22:55:56 | DEBUG    | browser | Downloaded: GeM-Bidding-9209195.pdf
2026-05-27 22:56:08 | DEBUG    | browser | Filters reset
2026-05-27 22:56:08 | INFO     | browser | Selecting filter: Product Custom Bid/RAs
2026-05-27 22:56:15 | DEBUG    | browser | Downloaded: GeM-Bidding-9303393.pdf
2026-05-27 22:56:22 | DEBUG    | browser | Downloaded: GeM-Bidding-9297397.pdf
2026-05-27 22:56:27 | DEBUG    | browser | Downloaded: GeM-Bidding-9296264.pdf
2026-05-27 22:56:34 | DEBUG    | browser | Downloaded: GeM-Bidding-9292467.pdf
2026-05-27 22:56:41 | DEBUG    | browser | Downloaded: GeM-Bidding-9285885.pdf
2026-05-27 22:56:54 | DEBUG    | browser | Filters reset
2026-05-27 22:56:54 | INFO     | browser | Selecting filter: BOQ Bids
2026-05-27 22:57:02 | DEBUG    | browser | Downloaded: GeM-Bidding-9298679.pdf
2026-05-27 22:57:10 | DEBUG    | browser | Downloaded: GeM-Bidding-9298032.pdf
2026-05-27 22:57:18 | DEBUG    | browser | Downloaded: GeM-Bidding-9297790.pdf
2026-05-27 22:57:23 | DEBUG    | browser | Downloaded: GeM-Bidding-9297406.pdf
2026-05-27 22:57:30 | DEBUG    | browser | Downloaded: GeM-Bidding-9297388.pdf
2026-05-27 22:57:42 | DEBUG    | browser | Filters reset
2026-05-27 22:57:42 | INFO     | browser | Selecting filter: Rate Contract Bids
2026-05-27 22:57:51 | DEBUG    | browser | Downloaded: GeM-Bidding-9271791.pdf
2026-05-27 22:57:57 | DEBUG    | browser | Downloaded: GeM-Bidding-9301536.pdf
2026-05-27 22:58:05 | DEBUG    | browser | Downloaded: GeM-Bidding-9314303.pdf
2026-05-27 22:58:11 | DEBUG    | browser | Downloaded: GeM-Bidding-9313859.pdf
2026-05-27 22:58:19 | DEBUG    | browser | Downloaded: GeM-Bidding-9321309.pdf
2026-05-27 22:58:29 | DEBUG    | browser | Filters reset
2026-05-27 22:58:29 | INFO     | browser | Selecting filter: Global Tender
2026-05-27 22:58:36 | DEBUG    | browser | Downloaded: GeM-Bidding-9246893.pdf
2026-05-27 22:58:46 | DEBUG    | browser | Downloaded: GeM-Bidding-9255239.pdf
2026-05-27 22:58:54 | DEBUG    | browser | Downloaded: GeM-Bidding-9295700.pdf
2026-05-27 22:59:03 | DEBUG    | browser | Downloaded: GeM-Bidding-9206750.pdf
2026-05-27 22:59:10 | DEBUG    | browser | Downloaded: GeM-Bidding-9351575.pdf
2026-05-27 22:59:24 | DEBUG    | browser | Filters reset
2026-05-27 22:59:24 | INFO     | browser | Selecting filter: Limited Tender
2026-05-27 22:59:32 | DEBUG    | browser | Downloaded: GeM-Bidding-9325461.pdf
2026-05-27 22:59:44 | DEBUG    | browser | Downloaded: GeM-Bidding-9362960.pdf
2026-05-27 22:59:52 | DEBUG    | browser | Downloaded: GeM-Bidding-9342381.pdf
2026-05-27 22:59:59 | DEBUG    | browser | Downloaded: GeM-Bidding-9342310.pdf
2026-05-27 23:00:07 | DEBUG    | browser | Downloaded: GeM-Bidding-9253462.pdf
2026-05-27 23:00:21 | DEBUG    | browser | Filters reset
2026-05-27 23:00:21 | INFO     | browser | Selecting filter: Single Tender
2026-05-27 23:00:30 | DEBUG    | browser | Downloaded: GeM-Bidding-9269084.pdf
2026-05-27 23:00:38 | DEBUG    | browser | Downloaded: GeM-Bidding-9251406.pdf
2026-05-27 23:00:47 | DEBUG    | browser | Downloaded: GeM-Bidding-9269254.pdf
2026-05-27 23:00:55 | DEBUG    | browser | Downloaded: GeM-Bidding-9335429.pdf
2026-05-27 23:01:04 | DEBUG    | browser | Downloaded: GeM-Bidding-9349023.pdf
2026-05-27 23:01:16 | INFO     | browser | Browser closed
2026-05-29 10:41:47 | INFO     | browser | Browser launched (stealth mode)
2026-05-29 10:41:47 | INFO     | browser | Opening: https://bidplus.gem.gov.in/all-bids
2026-05-29 10:41:56 | INFO     | browser | GeM listing page loaded
2026-05-29 10:42:00 | DEBUG    | browser | Filters reset
2026-05-29 10:42:00 | INFO     | browser | Selecting filter: Product Bid/RAs
2026-05-29 10:42:09 | DEBUG    | browser | Downloaded: GeM-Bidding-9282222.pdf
2026-05-29 10:43:34 | DEBUG    | browser | Downloaded: GeM-Bidding-8809236.pdf
2026-05-29 10:43:44 | DEBUG    | browser | Downloaded: GeM-Bidding-9241045.pdf
2026-05-29 10:43:52 | DEBUG    | browser | Downloaded: GeM-Bidding-9306879.pdf
2026-05-29 10:43:59 | DEBUG    | browser | Downloaded: GeM-Bidding-9091278.pdf
2026-05-29 10:44:15 | DEBUG    | browser | Filters reset
2026-05-29 10:44:15 | INFO     | browser | Selecting filter: Service Bid/RAs
2026-05-29 10:44:24 | DEBUG    | browser | Downloaded: GeM-Bidding-9273414.pdf
2026-05-29 10:44:32 | DEBUG    | browser | Downloaded: GeM-Bidding-9131633.pdf
2026-05-29 10:44:39 | DEBUG    | browser | Downloaded: GeM-Bidding-9176404.pdf
2026-05-29 10:44:49 | DEBUG    | browser | Downloaded: GeM-Bidding-8979674.pdf
2026-05-29 10:44:56 | DEBUG    | browser | Downloaded: GeM-Bidding-8811625.pdf
2026-05-29 10:45:10 | DEBUG    | browser | Filters reset
2026-05-29 10:45:10 | INFO     | browser | Selecting filter: Bid To RAs
2026-05-29 10:45:19 | DEBUG    | browser | Downloaded: GeM-Bidding-9310342.pdf
2026-05-29 10:45:26 | DEBUG    | browser | Downloaded: GeM-Bidding-9200911.pdf
2026-05-29 10:45:32 | DEBUG    | browser | Downloaded: GeM-Bidding-9217371.pdf
2026-05-29 10:45:40 | DEBUG    | browser | Downloaded: GeM-Bidding-9149767.pdf
2026-05-29 10:45:47 | DEBUG    | browser | Downloaded: GeM-Bidding-9258173.pdf
2026-05-29 10:46:00 | DEBUG    | browser | Filters reset
2026-05-29 10:46:00 | INFO     | browser | Selecting filter: Product Custom Bid/RAs
2026-05-29 10:46:10 | DEBUG    | browser | Downloaded: GeM-Bidding-9254084.pdf
2026-05-29 10:46:18 | DEBUG    | browser | Downloaded: GeM-Bidding-9205143.pdf
2026-05-29 10:46:26 | DEBUG    | browser | Downloaded: GeM-Bidding-7655674.pdf
2026-05-29 10:46:33 | DEBUG    | browser | Downloaded: GeM-Bidding-9218568.pdf
2026-05-29 10:46:40 | DEBUG    | browser | Downloaded: GeM-Bidding-9288011.pdf
2026-05-29 10:46:53 | DEBUG    | browser | Filters reset
2026-05-29 10:46:53 | INFO     | browser | Selecting filter: BOQ Bids
2026-05-29 10:47:00 | DEBUG    | browser | Downloaded: GeM-Bidding-9269906.pdf
2026-05-29 10:47:08 | DEBUG    | browser | Downloaded: GeM-Bidding-9288811.pdf
2026-05-29 10:47:23 | DEBUG    | browser | Downloaded: GeM-Bidding-9285230.pdf
2026-05-29 10:47:30 | DEBUG    | browser | Downloaded: GeM-Bidding-9283561.pdf
2026-05-29 10:47:40 | DEBUG    | browser | Downloaded: GeM-Bidding-9283482.pdf
2026-05-29 10:47:53 | DEBUG    | browser | Filters reset
2026-05-29 10:47:53 | INFO     | browser | Selecting filter: Rate Contract Bids
2026-05-29 10:48:00 | DEBUG    | browser | Downloaded: GeM-Bidding-9333908.pdf
2026-05-29 10:48:10 | DEBUG    | browser | Downloaded: GeM-Bidding-9246838.pdf
2026-05-29 10:48:19 | DEBUG    | browser | Downloaded: GeM-Bidding-9301536.pdf
2026-05-29 10:48:31 | DEBUG    | browser | Downloaded: GeM-Bidding-9280824.pdf
2026-05-29 10:48:38 | DEBUG    | browser | Downloaded: GeM-Bidding-9260934.pdf
2026-05-29 10:48:54 | DEBUG    | browser | Filters reset
2026-05-29 10:48:54 | INFO     | browser | Selecting filter: Global Tender
2026-05-29 10:49:04 | DEBUG    | browser | Downloaded: GeM-Bidding-9246893.pdf
2026-05-29 10:49:14 | DEBUG    | browser | Downloaded: GeM-Bidding-9255239.pdf
2026-05-29 10:49:21 | DEBUG    | browser | Downloaded: GeM-Bidding-9295700.pdf
2026-05-29 10:49:31 | DEBUG    | browser | Downloaded: GeM-Bidding-9206750.pdf
2026-05-29 10:49:38 | DEBUG    | browser | Downloaded: GeM-Bidding-9351575.pdf
2026-05-29 10:49:51 | DEBUG    | browser | Filters reset
2026-05-29 10:49:51 | INFO     | browser | Selecting filter: Limited Tender
2026-05-29 10:49:58 | DEBUG    | browser | Downloaded: GeM-Bidding-9289980.pdf
2026-05-29 10:50:04 | DEBUG    | browser | Downloaded: GeM-Bidding-9332890.pdf
2026-05-29 10:50:11 | DEBUG    | browser | Downloaded: GeM-Bidding-9332817.pdf
2026-05-29 10:50:17 | DEBUG    | browser | Downloaded: GeM-Bidding-9319663.pdf
2026-05-29 10:52:22 | INFO     | browser | Browser launched (stealth mode)
2026-05-29 10:52:22 | INFO     | browser | Opening: https://bidplus.gem.gov.in/all-bids
2026-05-29 10:52:31 | INFO     | browser | GeM listing page loaded
2026-05-29 10:52:35 | DEBUG    | browser | Filters reset
2026-05-29 10:52:35 | INFO     | browser | Selecting filter: Product Bid/RAs
2026-05-29 10:52:40 | INFO     | browser | Selecting filter: Ongoing Bids/RA
2026-05-29 10:52:46 | DEBUG    | browser | Ongoing Bids/RA filter applied
2026-05-29 10:52:50 | DEBUG    | browser | Downloaded: GeM-Bidding-9269906.pdf
2026-05-29 10:53:09 | DEBUG    | browser | Downloaded: GeM-Bidding-9304357.pdf
2026-05-29 10:53:17 | DEBUG    | browser | Downloaded: GeM-Bidding-9303527.pdf
2026-05-29 10:53:23 | DEBUG    | browser | Downloaded: GeM-Bidding-9303354.pdf
2026-05-29 10:53:30 | DEBUG    | browser | Downloaded: GeM-Bidding-9303071.pdf
2026-05-29 10:53:45 | DEBUG    | browser | Filters reset
2026-05-29 10:53:45 | INFO     | browser | Selecting filter: Service Bid/RAs
2026-05-29 10:53:51 | INFO     | browser | Selecting filter: Ongoing Bids/RA
2026-05-29 10:53:55 | DEBUG    | browser | Ongoing Bids/RA filter applied
2026-05-29 10:53:59 | DEBUG    | browser | Downloaded: GeM-Bidding-9243101.pdf
2026-05-29 10:54:07 | DEBUG    | browser | Downloaded: GeM-Bidding-9179811.pdf
2026-05-29 10:54:15 | DEBUG    | browser | Downloaded: GeM-Bidding-8368830.pdf
2026-05-29 10:54:23 | DEBUG    | browser | Downloaded: GeM-Bidding-9286626.pdf
2026-05-29 10:54:31 | DEBUG    | browser | Downloaded: GeM-Bidding-9285964.pdf
2026-05-29 10:54:45 | DEBUG    | browser | Filters reset
2026-05-29 10:54:45 | INFO     | browser | Selecting filter: Bid To RAs
2026-05-29 10:54:49 | INFO     | browser | Selecting filter: Ongoing Bids/RA
2026-05-29 10:54:53 | DEBUG    | browser | Ongoing Bids/RA filter applied
2026-05-29 10:54:56 | DEBUG    | browser | Downloaded: GeM-Bidding-9284143.pdf
2026-05-29 10:55:03 | DEBUG    | browser | Downloaded: GeM-Bidding-9200596.pdf
2026-05-29 10:55:10 | DEBUG    | browser | Downloaded: GeM-Bidding-9260609.pdf
2026-05-29 10:55:18 | DEBUG    | browser | Downloaded: GeM-Bidding-9253178.pdf
2026-05-29 10:55:24 | DEBUG    | browser | Downloaded: GeM-Bidding-9329828.pdf
2026-05-29 10:55:37 | DEBUG    | browser | Filters reset
2026-05-29 10:55:37 | INFO     | browser | Selecting filter: Product Custom Bid/RAs
2026-05-29 10:55:43 | INFO     | browser | Selecting filter: Ongoing Bids/RA
2026-05-29 10:55:49 | DEBUG    | browser | Ongoing Bids/RA filter applied
2026-05-29 10:55:52 | DEBUG    | browser | Downloaded: GeM-Bidding-9288011.pdf
2026-05-29 10:55:58 | DEBUG    | browser | Downloaded: GeM-Bidding-9285117.pdf
2026-05-29 10:56:05 | DEBUG    | browser | Downloaded: GeM-Bidding-9244455.pdf
2026-05-29 10:56:12 | DEBUG    | browser | Downloaded: GeM-Bidding-9240700.pdf
2026-05-29 10:56:20 | DEBUG    | browser | Downloaded: GeM-Bidding-9232582.pdf
2026-05-29 10:56:31 | DEBUG    | browser | Filters reset
2026-05-29 10:56:31 | INFO     | browser | Selecting filter: BOQ Bids
2026-05-29 10:56:37 | INFO     | browser | Selecting filter: Ongoing Bids/RA
2026-05-29 10:56:43 | DEBUG    | browser | Ongoing Bids/RA filter applied
2026-05-29 10:56:46 | DEBUG    | browser | Downloaded: GeM-Bidding-9294111.pdf
2026-05-29 10:56:55 | DEBUG    | browser | Downloaded: GeM-Bidding-9287426.pdf
2026-05-29 10:57:03 | DEBUG    | browser | Downloaded: GeM-Bidding-9277078.pdf
2026-05-29 10:57:11 | DEBUG    | browser | Downloaded: GeM-Bidding-9276776.pdf
2026-05-29 10:57:18 | DEBUG    | browser | Downloaded: GeM-Bidding-9288811.pdf
2026-05-29 10:57:33 | DEBUG    | browser | Filters reset
2026-05-29 10:57:33 | INFO     | browser | Selecting filter: Rate Contract Bids
2026-05-29 10:57:38 | INFO     | browser | Selecting filter: Ongoing Bids/RA
2026-05-29 10:57:43 | DEBUG    | browser | Ongoing Bids/RA filter applied
2026-05-29 10:57:46 | DEBUG    | browser | Downloaded: GeM-Bidding-9333908.pdf
2026-05-29 10:57:52 | DEBUG    | browser | Downloaded: GeM-Bidding-9246838.pdf
2026-05-29 10:57:58 | DEBUG    | browser | Downloaded: GeM-Bidding-9301536.pdf
2026-05-29 10:58:06 | DEBUG    | browser | Downloaded: GeM-Bidding-9280824.pdf
2026-05-29 10:58:12 | DEBUG    | browser | Downloaded: GeM-Bidding-9260934.pdf
2026-05-29 10:58:26 | DEBUG    | browser | Filters reset
2026-05-29 10:58:26 | INFO     | browser | Selecting filter: Global Tender
2026-05-29 10:58:30 | INFO     | browser | Selecting filter: Ongoing Bids/RA
2026-05-29 10:58:34 | DEBUG    | browser | Ongoing Bids/RA filter applied
2026-05-29 10:58:38 | DEBUG    | browser | Downloaded: GeM-Bidding-9246893.pdf
2026-05-29 10:58:46 | DEBUG    | browser | Downloaded: GeM-Bidding-9255239.pdf
2026-05-29 10:58:52 | DEBUG    | browser | Downloaded: GeM-Bidding-9295700.pdf
2026-05-29 10:58:58 | DEBUG    | browser | Downloaded: GeM-Bidding-9206750.pdf
2026-05-29 10:59:05 | DEBUG    | browser | Downloaded: GeM-Bidding-9351575.pdf
2026-05-29 10:59:17 | DEBUG    | browser | Filters reset
2026-05-29 10:59:17 | INFO     | browser | Selecting filter: Limited Tender
2026-05-29 10:59:21 | INFO     | browser | Selecting filter: Ongoing Bids/RA
2026-05-29 10:59:26 | DEBUG    | browser | Ongoing Bids/RA filter applied
2026-05-29 10:59:30 | DEBUG    | browser | Downloaded: GeM-Bidding-9332890.pdf
2026-05-29 10:59:37 | DEBUG    | browser | Downloaded: GeM-Bidding-9332817.pdf
2026-05-29 10:59:44 | DEBUG    | browser | Downloaded: GeM-Bidding-9319663.pdf
2026-05-29 10:59:50 | DEBUG    | browser | Downloaded: GeM-Bidding-9364454.pdf
2026-05-29 10:59:56 | DEBUG    | browser | Downloaded: GeM-Bidding-9342753.pdf
2026-05-29 11:00:10 | DEBUG    | browser | Filters reset
2026-05-29 11:00:10 | INFO     | browser | Selecting filter: Single Tender
2026-05-29 11:00:15 | INFO     | browser | Selecting filter: Ongoing Bids/RA
2026-05-29 11:00:21 | DEBUG    | browser | Ongoing Bids/RA filter applied
2026-05-29 11:00:25 | DEBUG    | browser | Downloaded: GeM-Bidding-9317619.pdf
2026-05-29 11:00:32 | DEBUG    | browser | Downloaded: GeM-Bidding-9271593.pdf
2026-05-29 11:00:40 | DEBUG    | browser | Downloaded: GeM-Bidding-9284889.pdf
2026-05-29 11:00:45 | DEBUG    | browser | Downloaded: GeM-Bidding-9255010.pdf
2026-05-29 11:00:51 | DEBUG    | browser | Downloaded: GeM-Bidding-9307798.pdf
2026-05-29 11:01:00 | INFO     | browser | Browser closed
2026-05-29 14:18:47 | INFO     | browser | Browser launched (stealth mode)
2026-05-29 14:18:47 | INFO     | browser | Opening: https://bidplus.gem.gov.in/all-bids
2026-05-29 14:18:59 | INFO     | browser | GeM listing page loaded
2026-05-29 14:19:03 | DEBUG    | browser | Filters reset
2026-05-29 14:19:03 | INFO     | browser | Selecting filter: Product Bid/RAs
2026-05-29 14:19:09 | INFO     | browser | Selecting filter: Ongoing Bids/RA
2026-05-29 14:19:13 | DEBUG    | browser | Ongoing Bids/RA filter applied
2026-05-29 14:19:18 | DEBUG    | browser | Downloaded: GeM-Bidding-9244666.pdf
2026-05-29 14:19:55 | DEBUG    | browser | Downloaded: GeM-Bidding-9339248.pdf
2026-05-29 14:20:01 | DEBUG    | browser | Downloaded: GeM-Bidding-9083580.pdf
2026-05-29 14:20:08 | DEBUG    | browser | Downloaded: GeM-Bidding-9347802.pdf
2026-05-29 14:20:16 | DEBUG    | browser | Downloaded: GeM-Bidding-9238148.pdf
2026-05-29 14:20:29 | DEBUG    | browser | Filters reset
2026-05-29 14:20:29 | INFO     | browser | Selecting filter: Service Bid/RAs
2026-05-29 14:20:34 | INFO     | browser | Selecting filter: Ongoing Bids/RA
2026-05-29 14:20:38 | DEBUG    | browser | Ongoing Bids/RA filter applied
2026-05-29 14:20:40 | DEBUG    | browser | Downloaded: GeM-Bidding-9314834.pdf
2026-05-29 14:20:52 | DEBUG    | browser | Downloaded: GeM-Bidding-9292005.pdf
2026-05-29 14:20:59 | DEBUG    | browser | Downloaded: GeM-Bidding-9321828.pdf
2026-05-29 14:21:06 | DEBUG    | browser | Downloaded: GeM-Bidding-9235430.pdf
2026-05-29 14:21:13 | DEBUG    | browser | Downloaded: GeM-Bidding-9189323.pdf
2026-05-29 14:21:27 | DEBUG    | browser | Filters reset
2026-05-29 14:21:27 | INFO     | browser | Selecting filter: Bid To RAs
2026-05-29 14:21:32 | INFO     | browser | Selecting filter: Ongoing Bids/RA
2026-05-29 14:21:36 | DEBUG    | browser | Ongoing Bids/RA filter applied
2026-05-29 14:21:40 | DEBUG    | browser | Downloaded: GeM-Bidding-9339874.pdf
2026-05-29 14:21:49 | DEBUG    | browser | Downloaded: GeM-Bidding-9265404.pdf
2026-05-29 14:21:56 | DEBUG    | browser | Downloaded: GeM-Bidding-8962716.pdf
2026-05-29 14:22:05 | DEBUG    | browser | Downloaded: GeM-Bidding-9097586.pdf
2026-05-29 14:22:18 | DEBUG    | browser | Downloaded: GeM-Bidding-9355117.pdf
2026-05-29 14:22:31 | DEBUG    | browser | Filters reset
2026-05-29 14:22:31 | INFO     | browser | Selecting filter: Product Custom Bid/RAs
2026-05-29 14:22:36 | INFO     | browser | Selecting filter: Ongoing Bids/RA
2026-05-29 14:22:42 | DEBUG    | browser | Ongoing Bids/RA filter applied
2026-05-29 14:22:46 | DEBUG    | browser | Downloaded: GeM-Bidding-9217371.pdf
2026-05-29 14:22:54 | DEBUG    | browser | Downloaded: GeM-Bidding-8609258.pdf
2026-05-29 14:23:04 | DEBUG    | browser | Downloaded: GeM-Bidding-9149767.pdf
2026-05-29 14:23:11 | DEBUG    | browser | Downloaded: GeM-Bidding-9255403.pdf
2026-05-29 14:23:19 | DEBUG    | browser | Downloaded: GeM-Bidding-8985772.pdf
2026-05-29 14:23:35 | DEBUG    | browser | Filters reset
2026-05-29 14:23:35 | INFO     | browser | Selecting filter: BOQ Bids
2026-05-29 14:23:42 | INFO     | browser | Selecting filter: Ongoing Bids/RA
2026-05-29 14:23:46 | DEBUG    | browser | Ongoing Bids/RA filter applied
2026-05-29 14:23:50 | DEBUG    | browser | Downloaded: GeM-Bidding-9176971.pdf
2026-05-29 14:23:57 | DEBUG    | browser | Downloaded: GeM-Bidding-9156803.pdf
2026-05-29 14:24:06 | DEBUG    | browser | Downloaded: GeM-Bidding-9160880.pdf
2026-05-29 14:24:26 | DEBUG    | browser | Downloaded: GeM-Bidding-9323417.pdf
2026-05-29 14:24:33 | DEBUG    | browser | Downloaded: GeM-Bidding-8833579.pdf
2026-05-29 14:24:47 | DEBUG    | browser | Filters reset
2026-05-29 14:24:47 | INFO     | browser | Selecting filter: Rate Contract Bids
2026-05-29 14:24:50 | INFO     | browser | Selecting filter: Ongoing Bids/RA
2026-05-29 14:24:55 | DEBUG    | browser | Ongoing Bids/RA filter applied
2026-05-29 14:24:59 | DEBUG    | browser | Downloaded: GeM-Bidding-9246838.pdf
2026-05-29 14:25:06 | DEBUG    | browser | Downloaded: GeM-Bidding-9301536.pdf
2026-05-29 14:25:14 | DEBUG    | browser | Downloaded: GeM-Bidding-9280824.pdf
2026-05-29 14:25:22 | DEBUG    | browser | Downloaded: GeM-Bidding-9260934.pdf
2026-05-29 14:25:33 | DEBUG    | browser | Downloaded: GeM-Bidding-9262054.pdf
2026-05-29 14:25:46 | DEBUG    | browser | Filters reset
2026-05-29 14:25:46 | INFO     | browser | Selecting filter: Global Tender
2026-05-29 14:25:52 | INFO     | browser | Selecting filter: Ongoing Bids/RA
2026-05-29 14:25:56 | DEBUG    | browser | Ongoing Bids/RA filter applied
2026-05-29 14:26:00 | DEBUG    | browser | Downloaded: GeM-Bidding-9246893.pdf
2026-05-29 14:26:08 | DEBUG    | browser | Downloaded: GeM-Bidding-9255239.pdf
2026-05-29 14:26:14 | DEBUG    | browser | Downloaded: GeM-Bidding-9295700.pdf
2026-05-29 14:26:23 | DEBUG    | browser | Downloaded: GeM-Bidding-9206750.pdf
2026-05-29 14:26:31 | DEBUG    | browser | Downloaded: GeM-Bidding-9351575.pdf
2026-05-29 14:26:42 | DEBUG    | browser | Filters reset
2026-05-29 14:26:42 | INFO     | browser | Selecting filter: Limited Tender
2026-05-29 14:26:47 | INFO     | browser | Selecting filter: Ongoing Bids/RA
2026-05-29 14:26:51 | DEBUG    | browser | Ongoing Bids/RA filter applied
2026-05-29 14:26:54 | DEBUG    | browser | Downloaded: GeM-Bidding-9288965.pdf
2026-05-29 14:27:01 | DEBUG    | browser | Downloaded: GeM-Bidding-9274828.pdf
2026-05-29 14:27:09 | DEBUG    | browser | Downloaded: GeM-Bidding-9285232.pdf
2026-05-29 14:27:16 | DEBUG    | browser | Downloaded: GeM-Bidding-9282986.pdf
2026-05-29 14:27:23 | DEBUG    | browser | Downloaded: GeM-Bidding-9338361.pdf
2026-05-29 14:27:34 | DEBUG    | browser | Filters reset
2026-05-29 14:27:34 | INFO     | browser | Selecting filter: Single Tender
2026-05-29 14:27:40 | INFO     | browser | Selecting filter: Ongoing Bids/RA
2026-05-29 14:27:44 | DEBUG    | browser | Ongoing Bids/RA filter applied
2026-05-29 14:27:48 | DEBUG    | browser | Downloaded: GeM-Bidding-9276166.pdf
2026-05-29 14:27:57 | DEBUG    | browser | Downloaded: GeM-Bidding-9275157.pdf
2026-05-29 14:28:04 | DEBUG    | browser | Downloaded: GeM-Bidding-9305565.pdf
2026-05-29 14:28:12 | DEBUG    | browser | Downloaded: GeM-Bidding-9336077.pdf
2026-05-29 14:28:19 | DEBUG    | browser | Downloaded: GeM-Bidding-9335937.pdf
2026-05-29 14:28:25 | INFO     | browser | Browser closed
2026-05-29 15:36:51 | INFO     | browser | Browser launched (stealth mode)
2026-05-29 15:36:51 | INFO     | browser | Opening: https://bidplus.gem.gov.in/all-bids
2026-05-29 15:37:02 | INFO     | browser | GeM listing page loaded
2026-05-29 15:37:08 | DEBUG    | browser | Filters reset
2026-05-29 15:37:08 | INFO     | browser | Selecting filter: Product Bid/RAs
2026-05-29 15:37:12 | INFO     | browser | Selecting filter: Ongoing Bids/RA
2026-05-29 15:37:18 | DEBUG    | browser | Ongoing Bids/RA filter applied
2026-05-29 15:37:23 | DEBUG    | browser | Downloaded: GeM-Bidding-9339874.pdf
2026-05-29 15:38:02 | DEBUG    | browser | Filters reset
2026-05-29 15:38:02 | INFO     | browser | Selecting filter: Service Bid/RAs
2026-05-29 15:38:08 | INFO     | browser | Selecting filter: Ongoing Bids/RA
2026-05-29 15:38:13 | DEBUG    | browser | Ongoing Bids/RA filter applied
2026-05-29 15:38:17 | DEBUG    | browser | Downloaded: GeM-Bidding-9261078.pdf
2026-05-29 15:38:30 | DEBUG    | browser | Filters reset
2026-05-29 15:38:30 | INFO     | browser | Selecting filter: Bid To RAs
2026-05-29 15:38:34 | INFO     | browser | Selecting filter: Ongoing Bids/RA
2026-05-29 15:38:39 | DEBUG    | browser | Ongoing Bids/RA filter applied
2026-05-29 15:38:42 | DEBUG    | browser | Downloaded: GeM-Bidding-9142889.pdf
2026-05-29 15:38:57 | DEBUG    | browser | Filters reset
2026-05-29 15:38:57 | INFO     | browser | Selecting filter: Product Custom Bid/RAs
2026-05-29 15:39:01 | INFO     | browser | Selecting filter: Ongoing Bids/RA
2026-05-29 15:39:06 | DEBUG    | browser | Ongoing Bids/RA filter applied
2026-05-29 15:39:10 | DEBUG    | browser | Downloaded: GeM-Bidding-9116578.pdf
2026-05-29 15:39:24 | DEBUG    | browser | Filters reset
2026-05-29 15:39:24 | INFO     | browser | Selecting filter: BOQ Bids
2026-05-29 15:39:28 | INFO     | browser | Selecting filter: Ongoing Bids/RA
2026-05-29 15:39:31 | DEBUG    | browser | Ongoing Bids/RA filter applied
2026-05-29 15:39:36 | DEBUG    | browser | Downloaded: GeM-Bidding-9176971.pdf
2026-05-29 15:39:50 | DEBUG    | browser | Filters reset
2026-05-29 15:39:50 | INFO     | browser | Selecting filter: Rate Contract Bids
2026-05-29 15:39:55 | INFO     | browser | Selecting filter: Ongoing Bids/RA
2026-05-29 15:40:00 | DEBUG    | browser | Ongoing Bids/RA filter applied
2026-05-29 15:40:03 | DEBUG    | browser | Downloaded: GeM-Bidding-9301536.pdf
2026-05-29 15:40:16 | DEBUG    | browser | Filters reset
2026-05-29 15:40:16 | INFO     | browser | Selecting filter: Global Tender
2026-05-29 15:40:23 | INFO     | browser | Selecting filter: Ongoing Bids/RA
2026-05-29 15:40:28 | DEBUG    | browser | Ongoing Bids/RA filter applied
2026-05-29 15:40:32 | DEBUG    | browser | Downloaded: GeM-Bidding-9246893.pdf
2026-05-29 15:40:45 | DEBUG    | browser | Filters reset
2026-05-29 15:40:45 | INFO     | browser | Selecting filter: Limited Tender
2026-05-29 15:40:49 | INFO     | browser | Selecting filter: Ongoing Bids/RA
2026-05-29 15:40:54 | DEBUG    | browser | Ongoing Bids/RA filter applied
2026-05-29 15:40:58 | DEBUG    | browser | Downloaded: GeM-Bidding-9238148.pdf
2026-05-29 15:41:10 | DEBUG    | browser | Filters reset
2026-05-29 15:41:10 | INFO     | browser | Selecting filter: Single Tender
2026-05-29 15:41:16 | INFO     | browser | Selecting filter: Ongoing Bids/RA
2026-05-29 15:41:20 | DEBUG    | browser | Ongoing Bids/RA filter applied
2026-05-29 15:41:25 | DEBUG    | browser | Downloaded: GeM-Bidding-9299629.pdf
2026-05-29 15:41:34 | INFO     | browser | Browser closed
2026-05-29 16:01:07 | INFO     | browser | Browser launched (stealth mode)
2026-05-29 16:01:07 | INFO     | browser | Opening: https://bidplus.gem.gov.in/all-bids
2026-05-29 16:01:19 | INFO     | browser | GeM listing page loaded
2026-05-29 16:01:23 | DEBUG    | browser | Filters reset
2026-05-29 16:01:23 | INFO     | browser | Selecting filter: Product Bid/RAs
2026-05-29 16:01:28 | INFO     | browser | Selecting filter: Ongoing Bids/RA
2026-05-29 16:01:34 | DEBUG    | browser | Ongoing Bids/RA filter applied
2026-05-29 16:01:38 | DEBUG    | browser | Downloaded: GeM-Bidding-8356022.pdf
2026-05-29 16:02:15 | DEBUG    | browser | Filters reset
2026-05-29 16:02:15 | INFO     | browser | Selecting filter: Service Bid/RAs
2026-05-29 16:02:21 | INFO     | browser | Selecting filter: Ongoing Bids/RA
2026-05-29 16:02:26 | DEBUG    | browser | Ongoing Bids/RA filter applied
2026-05-29 16:02:29 | DEBUG    | browser | Downloaded: GeM-Bidding-9286165.pdf
2026-05-29 16:02:42 | DEBUG    | browser | Filters reset
2026-05-29 16:02:42 | INFO     | browser | Selecting filter: Bid To RAs
2026-05-29 16:02:47 | INFO     | browser | Selecting filter: Ongoing Bids/RA
2026-05-29 16:02:53 | DEBUG    | browser | Ongoing Bids/RA filter applied
2026-05-29 16:02:58 | DEBUG    | browser | Downloaded: GeM-Bidding-9280655.pdf
2026-05-29 16:03:12 | DEBUG    | browser | Filters reset
2026-05-29 16:03:12 | INFO     | browser | Selecting filter: Product Custom Bid/RAs
2026-05-29 16:03:19 | INFO     | browser | Selecting filter: Ongoing Bids/RA
2026-05-29 16:03:23 | DEBUG    | browser | Ongoing Bids/RA filter applied
2026-05-29 16:03:28 | DEBUG    | browser | Downloaded: GeM-Bidding-8336925.pdf
2026-05-29 16:03:41 | DEBUG    | browser | Filters reset
2026-05-29 16:03:41 | INFO     | browser | Selecting filter: BOQ Bids
2026-05-29 16:03:46 | INFO     | browser | Selecting filter: Ongoing Bids/RA
2026-05-29 16:03:51 | DEBUG    | browser | Ongoing Bids/RA filter applied
2026-05-29 16:03:54 | DEBUG    | browser | Downloaded: GeM-Bidding-9074004.pdf
2026-05-29 16:04:06 | DEBUG    | browser | Filters reset
2026-05-29 16:04:06 | INFO     | browser | Selecting filter: Rate Contract Bids
2026-05-29 16:04:12 | INFO     | browser | Selecting filter: Ongoing Bids/RA
2026-05-29 16:04:17 | DEBUG    | browser | Ongoing Bids/RA filter applied
2026-05-29 16:04:25 | DEBUG    | browser | Downloaded: GeM-Bidding-9301536.pdf
2026-05-29 16:04:35 | DEBUG    | browser | Filters reset
2026-05-29 16:04:35 | INFO     | browser | Selecting filter: Global Tender
2026-05-29 16:04:39 | INFO     | browser | Selecting filter: Ongoing Bids/RA
2026-05-29 16:04:45 | DEBUG    | browser | Ongoing Bids/RA filter applied
2026-05-29 16:04:51 | DEBUG    | browser | Downloaded: GeM-Bidding-9246893.pdf
2026-05-29 16:05:04 | DEBUG    | browser | Filters reset
2026-05-29 16:05:04 | INFO     | browser | Selecting filter: Limited Tender
2026-05-29 16:05:08 | INFO     | browser | Selecting filter: Ongoing Bids/RA
2026-05-29 16:05:12 | DEBUG    | browser | Ongoing Bids/RA filter applied
2026-05-29 16:05:18 | DEBUG    | browser | Downloaded: GeM-Bidding-9238148.pdf
2026-05-29 16:05:32 | DEBUG    | browser | Filters reset
2026-05-29 16:05:32 | INFO     | browser | Selecting filter: Single Tender
2026-05-29 16:05:37 | INFO     | browser | Selecting filter: Ongoing Bids/RA
2026-05-29 16:05:41 | DEBUG    | browser | Ongoing Bids/RA filter applied
2026-05-29 16:05:44 | DEBUG    | browser | Downloaded: GeM-Bidding-9290004.pdf
2026-05-29 16:05:52 | INFO     | browser | Browser closed
