2026-05-26 17:41:22 | INFO     | database | Database ready: D:\Projects\gem_scraper\storage\gem_bids.db
2026-05-26 17:42:06 | INFO     | database |   NEW BID saved: GEM/2026/B/7306031
2026-05-26 17:44:36 | INFO     | database |   NEW BID saved: GEM/2026/B/7502063
2026-05-26 17:44:50 | INFO     | database |   NEW BID saved: GEM/2025/B/6996014
2026-05-26 17:45:04 | INFO     | database |   NEW BID saved: GEM/2026/B/7465610
2026-05-26 17:45:18 | INFO     | database |   NEW BID saved: GEM/2025/B/7021779
2026-05-26 17:45:29 | INFO     | database |   NEW BID saved: GEM/2025/B/7008160
2026-05-26 17:45:44 | INFO     | database |   NEW BID saved: GEM/2026/B/7460517
2026-05-26 17:46:03 | INFO     | database |   NEW BID saved: GEM/2026/B/7463
2026-05-26 17:46:13 | INFO     | database |   NEW BID saved: GEM/2025/B/6859671
2026-05-26 17:46:34 | INFO     | database |   NEW BID saved: GEM/2026/B/7120696
2026-05-26 17:47:03 | INFO     | database |   NEW BID saved: GEM/2026/B/7477050
2026-05-26 17:47:14 | INFO     | database |   NEW BID saved: GEM/2026/B/7086556
2026-05-26 17:47:25 | INFO     | database |   NEW BID saved: GEM/2026/B/7303430
2026-05-26 17:47:36 | INFO     | database |   NEW BID saved: GEM/2026/B/7504185
2026-05-26 17:47:45 | INFO     | database |   NEW BID saved: GEM/2026/B/7503480
2026-05-26 17:47:55 | INFO     | database |   NEW BID saved: GEM/2026/B/7499285
2026-05-26 17:48:08 | INFO     | database |   NEW BID saved: GEM/2026/B/7481350
2026-05-26 17:48:19 | INFO     | database |   NEW BID saved: GEM/2026/B/7479037
2026-05-26 17:48:31 | INFO     | database |   NEW BID saved: GEM/2026/B/7462785
2026-05-26 17:48:42 | INFO     | database |   NEW BID saved: GEM/2026/B/7460256
2026-05-26 17:49:08 | INFO     | database |   NEW BID saved: GEM/2026/B/7482709
2026-05-26 17:49:18 | INFO     | database |   NEW BID saved: GEM/2026/B/7523628
2026-05-26 17:49:28 | INFO     | database |   NEW BID saved: GEM/2026/B/7382732
2026-05-26 17:49:48 | INFO     | database |   NEW BID saved: GEM/2026/B/7432560
2026-05-26 17:49:57 | INFO     | database |   NEW BID saved: GEM/2026/B/7513146
2026-05-26 17:50:08 | INFO     | database |   NEW BID saved: GEM/2026/B/7417029
2026-05-26 17:50:25 | INFO     | database |   NEW BID saved: GEM/2025/B/6937012
2026-05-26 17:50:36 | INFO     | database |   NEW BID saved: GEM/2026/B/7268255
2026-05-26 17:50:45 | INFO     | database |   NEW BID saved: GEM/2026/B/7485827
2026-05-26 17:50:53 | INFO     | database |   NEW BID saved: GEM/2026/B/7461528
2026-05-26 17:51:19 | INFO     | database |   NEW BID saved: GEM/2025/B/6812056
2026-05-26 17:51:28 | INFO     | database |   NEW BID saved: GEM/2026/B/7504365
2026-05-26 17:51:36 | INFO     | database |   NEW BID saved: GEM/2026/B/7504206
2026-05-26 17:51:43 | INFO     | database |   NEW BID saved: GEM/2026/B/7503109
2026-05-26 17:51:51 | INFO     | database |   NEW BID saved: GEM/2026/B/7502651
2026-05-26 17:51:58 | INFO     | database |   NEW BID saved: GEM/2026/B/7501521
2026-05-26 17:52:08 | INFO     | database |   NEW BID saved: GEM/2026/B/7501435
2026-05-26 17:52:21 | INFO     | database |   NEW BID saved: GEM/2026/B/7500250
2026-05-26 17:52:30 | INFO     | database |   NEW BID saved: GEM/2026/B/7500220
2026-05-26 17:52:40 | INFO     | database |   NEW BID saved: GEM/2026/B/7498190
2026-05-26 17:53:04 | INFO     | database |   NEW BID saved: GEM/2026/B/7514898
2026-05-26 17:53:14 | INFO     | database |   NEW BID saved: GEM/2026/B/7514716
2026-05-26 17:53:23 | INFO     | database |   NEW BID saved: GEM/2026/B/7510269
2026-05-26 17:53:30 | INFO     | database |   NEW BID saved: GEM/2026/B/7501045
2026-05-26 17:53:43 | INFO     | database |   NEW BID saved: GEM/2026/B/7499633
2026-05-26 17:54:01 | INFO     | database |   NEW BID saved: GEM/2026/B/7497122
2026-05-26 17:54:11 | INFO     | database |   NEW BID saved: GEM/2026/B/7494843
2026-05-26 17:54:21 | INFO     | database |   NEW BID saved: GEM/2026/B/7492610
2026-05-26 17:54:30 | INFO     | database |   NEW BID saved: GEM/2026/B/7501124
2026-05-26 17:54:43 | INFO     | database |   NEW BID saved: GEM/2026/B/7506622
2026-05-26 17:55:06 | INFO     | database |   NEW BID saved: GEM/2026/B/7514614
2026-05-26 17:55:17 | INFO     | database |   NEW BID saved: GEM/2026/B/7479083
2026-05-26 17:55:27 | INFO     | database |   NEW BID saved: GEM/2026/B/7509230
2026-05-26 17:55:34 | INFO     | database |   NEW BID saved: GEM/2026/B/7509634
2026-05-26 17:55:51 | INFO     | database |   NEW BID saved: GEM/2026/B/7488203
2026-05-26 17:56:02 | INFO     | database |   NEW BID saved: GEM/2026/B/7514993
2026-05-26 17:56:21 | INFO     | database |   NEW BID saved: GEM/2026/B/7526325
2026-05-26 17:56:31 | INFO     | database |   NEW BID saved: GEM/2026/B/7525919
2026-05-26 17:56:50 | INFO     | database |   NEW BID saved: GEM/2026/B/7532717
2026-05-26 17:57:07 | INFO     | database |   NEW BID saved: GEM/2026/B/7544252
2026-05-26 17:57:34 | INFO     | database |   NEW BID saved: GEM/2026/B/7465807
2026-05-26 17:57:48 | INFO     | database |   NEW BID saved: GEM/2026/B/7473435
2026-05-26 17:57:57 | INFO     | database |   NEW BID saved: GEM/2026/B/7509648
2026-05-26 17:58:06 | INFO     | database |   NEW BID saved: GEM/2026/B/7429899
2026-05-26 17:58:12 | INFO     | database |   NEW BID saved: GEM/2026/B/7560028
2026-05-26 17:58:22 | INFO     | database |   NEW BID saved: GEM/2026/B/7475057
2026-05-26 17:58:32 | INFO     | database |   NEW BID saved: GEM/2026/B/7530104
2026-05-26 17:58:41 | INFO     | database |   NEW BID saved: GEM/2026/B/7499373
2026-05-26 17:58:56 | INFO     | database |   NEW BID saved: GEM/2026/B/7588495
2026-05-26 17:59:41 | INFO     | database |   NEW BID saved: GEM/2026/B/7501559
2026-05-26 17:59:51 | INFO     | database |   NEW BID saved: GEM/2026/B/7501526
2026-05-26 17:59:59 | INFO     | database |   NEW BID saved: GEM/2026/B/7531528
2026-05-26 18:00:09 | INFO     | database |   NEW BID saved: GEM/2026/B/7560267
2026-05-26 18:00:18 | INFO     | database |   NEW BID saved: GEM/2026/B/7552342
2026-05-26 18:00:26 | INFO     | database |   NEW BID saved: GEM/2026/B/7578341
2026-05-26 18:00:34 | INFO     | database |   NEW BID saved: GEM/2026/B/7524635
2026-05-26 18:00:42 | INFO     | database |   NEW BID saved: GEM/2026/B/7519521
2026-05-26 18:00:54 | INFO     | database |   NEW BID saved: GEM/2026/B/7520307
2026-05-26 18:01:11 | INFO     | database |   NEW BID saved: GEM/2026/B/7311446
2026-05-26 18:01:40 | INFO     | database |   NEW BID saved: GEM/2026/B/7501467
2026-05-26 18:01:53 | INFO     | database |   NEW BID saved: GEM/2026/B/7546274
2026-05-26 18:02:15 | INFO     | database |   NEW BID saved: GEM/2026/B/7579099
2026-05-26 18:02:24 | INFO     | database |   NEW BID saved: GEM/2026/B/7512626
2026-05-26 18:02:32 | INFO     | database |   NEW BID saved: GEM/2026/B/7520859
2026-05-26 18:02:41 | INFO     | database |   NEW BID saved: GEM/2026/B/7518305
2026-05-26 18:02:49 | INFO     | database |   NEW BID saved: GEM/2026/B/7518093
2026-05-26 18:02:58 | INFO     | database |   NEW BID saved: GEM/2026/B/7501945
2026-05-26 18:03:08 | INFO     | database |   NEW BID saved: GEM/2026/B/7520545
2026-05-26 18:03:17 | INFO     | database |   NEW BID saved: GEM/2026/B/7517987
2026-05-26 18:03:25 | INFO     | database | JSON exported: D:\Projects\gem_scraper\storage\gem_bids.json (89 records)
2026-05-26 18:07:20 | INFO     | database | Database ready: D:\Projects\gem_scraper\storage\gem_bids.db
2026-05-26 21:34:53 | INFO     | database | Database ready: D:\Projects\gem_scraper\storage\gem_bids.db
2026-05-27 10:16:55 | INFO     | database | Database ready: D:\Projects\gem_scraper\storage\gem_bids.db
2026-05-27 10:29:17 | INFO     | database | Database ready: D:\Projects\gem_scraper\storage\gem_bids.db
2026-05-27 10:31:29 | INFO     | database | Database ready: D:\Projects\gem_scraper\storage\gem_bids.db
2026-05-27 12:05:09 | INFO     | database | Database ready: D:\Projects\gem_scraper\storage\gem_bids.db
2026-05-27 15:14:19 | INFO     | database | Database ready: D:\Projects\gem_scraper\storage\gem_bids.db
2026-05-27 15:15:08 | INFO     | database |   NEW BID saved: GEM/2026/B/7418765
2026-05-27 15:18:35 | INFO     | database |   NEW BID saved: GEM/2026/B/7352909
2026-05-27 15:18:57 | INFO     | database |   NEW BID saved: GEM/2026/B/7158674
2026-05-27 15:19:09 | INFO     | database |   NEW BID saved: GEM/2026/B/7523776
2026-05-27 15:20:21 | INFO     | database |   NEW BID saved: GEM/2026/B/7221931
2026-05-27 15:21:29 | INFO     | database |   NEW BID saved: GEM/2026/B/7239280
2026-05-27 15:22:57 | INFO     | database |   NEW BID saved: GEM/2026/B/7534996
2026-05-27 15:23:25 | INFO     | database |   NEW BID saved: GEM/2026/B/7253172
2026-05-27 15:23:36 | INFO     | database |   NEW BID saved: GEM/2026/B/7441848
2026-05-27 15:23:45 | INFO     | database |   NEW BID saved: GEM/2026/B/7412749
2026-05-27 15:23:55 | INFO     | database |   NEW BID saved: GEM/2026/B/7233748
2026-05-27 15:24:03 | INFO     | database |   NEW BID saved: GEM/2026/B/7414651
2026-05-27 15:24:10 | INFO     | database |   NEW BID saved: GEM/2026/B/7327051
2026-05-27 15:24:18 | INFO     | database |   NEW BID saved: GEM/2026/B/7500709
2026-05-27 15:24:36 | INFO     | database |   NEW BID saved: GEM/2026/B/7334075
2026-05-27 15:24:47 | INFO     | database |   NEW BID saved: GEM/2026/B/7456448
2026-05-27 15:25:10 | INFO     | database |   NEW BID saved: GEM/2026/B/7446040
2026-05-27 15:25:18 | INFO     | database |   NEW BID saved: GEM/2026/B/7449720
2026-05-27 15:25:29 | INFO     | database |   NEW BID saved: GEM/2025/B/6839900
2026-05-27 15:25:39 | INFO     | database |   NEW BID saved: GEM/2026/B/7489249
2026-05-27 15:25:49 | INFO     | database |   NEW BID saved: GEM/2026/B/7479875
2026-05-27 15:26:04 | INFO     | database |   NEW BID saved: GEM/2026/B/7408096
2026-05-27 15:26:12 | INFO     | database |   NEW BID saved: GEM/2026/B/7221092
2026-05-27 15:26:22 | INFO     | database |   NEW BID saved: GEM/2026/B/7173460
2026-05-27 15:26:30 | INFO     | database |   NEW BID saved: GEM/2025/B/7040937
2026-05-27 15:26:41 | INFO     | database |   NEW BID saved: GEM/2026/B/7138563
2026-05-27 15:27:06 | INFO     | database |   NEW BID saved: GEM/2026/B/7252469
2026-05-27 15:27:17 | INFO     | database |   NEW BID saved: GEM/2026/B/7452818
2026-05-27 15:27:25 | INFO     | database |   NEW BID saved: GEM/2026/B/7280162
2026-05-27 15:27:35 | INFO     | database |   NEW BID saved: GEM/2026/B/7427788
2026-05-27 15:27:54 | INFO     | database |   NEW BID saved: GEM/2026/B/7388978
2026-05-27 15:28:03 | INFO     | database |   NEW BID saved: GEM/2026/B/7157755
2026-05-27 15:28:14 | INFO     | database |   NEW BID saved: GEM/2026/B/7445381
2026-05-27 15:28:22 | INFO     | database |   NEW BID saved: GEM/2026/B/7396682
2026-05-27 15:28:31 | INFO     | database |   NEW BID saved: GEM/2026/B/7505505
2026-05-27 15:28:40 | INFO     | database |   NEW BID saved: GEM/2026/B/7400122
2026-05-27 15:29:06 | INFO     | database |   NEW BID saved: GEM/2025/B/6891065
2026-05-27 15:29:17 | INFO     | database |   NEW BID saved: GEM/2026/B/7511795
2026-05-27 15:29:26 | INFO     | database |   NEW BID saved: GEM/2026/B/7473903
2026-05-27 15:29:36 | INFO     | database |   NEW BID saved: GEM/2026/B/7360084
2026-05-27 15:30:02 | INFO     | database |   NEW BID saved: GEM/2026/B/7501894
2026-05-27 15:30:13 | INFO     | database |   NEW BID saved: GEM/2026/B/7509486
2026-05-27 15:30:25 | INFO     | database |   NEW BID saved: GEM/2026/B/7509404
2026-05-27 15:30:35 | INFO     | database |   NEW BID saved: GEM/2026/B/7509354
2026-05-27 15:30:49 | INFO     | database |   NEW BID saved: GEM/2026/B/7509269
2026-05-27 15:31:05 | INFO     | database |   NEW BID saved: GEM/2026/B/7526630
2026-05-27 15:32:32 | INFO     | database |   NEW BID saved: GEM/2026/B/7465759
2026-05-27 15:32:42 | INFO     | database |   NEW BID saved: GEM/2026/B/7496302
2026-05-27 15:34:40 | INFO     | database |   NEW BID saved: GEM/2026/B/7480568
2026-05-27 15:34:50 | INFO     | database |   NEW BID saved: GEM/2026/B/7545615
2026-05-27 15:35:02 | INFO     | database |   NEW BID saved: GEM/2026/B/7535480
2026-05-27 15:35:12 | INFO     | database |   NEW BID saved: GEM/2026/B/7484529
2026-05-27 15:35:25 | INFO     | database |   NEW BID saved: GEM/2026/B/7466047
2026-05-27 15:35:37 | INFO     | database |   NEW BID saved: GEM/2026/B/7520337
2026-05-27 15:35:47 | INFO     | database |   NEW BID saved: GEM/2026/B/7565146
2026-05-27 15:35:57 | INFO     | database |   NEW BID saved: GEM/2026/B/7479274
2026-05-27 15:36:13 | INFO     | database |   NEW BID saved: GEM/2026/B/7522041
2026-05-27 15:36:33 | INFO     | database |   NEW BID saved: GEM/2026/B/7522173
2026-05-27 15:36:58 | INFO     | database |   NEW BID saved: GEM/2026/B/7509445
2026-05-27 15:37:10 | INFO     | database |   NEW BID saved: GEM/2026/B/7456044
2026-05-27 15:37:42 | INFO     | database |   NEW BID saved: GEM/2026/B/7531412
2026-05-27 15:37:59 | INFO     | database |   NEW BID saved: GEM/2026/B/7470435
2026-05-27 15:38:13 | INFO     | database |   NEW BID saved: GEM/2026/B/7509507
2026-05-27 15:38:32 | INFO     | database |   NEW BID saved: GEM/2026/B/7508743
2026-05-27 15:38:49 | INFO     | database |   NEW BID saved: GEM/2026/B/7521289
2026-05-27 15:39:22 | INFO     | database |   NEW BID saved: GEM/2026/B/7475874
2026-05-27 15:39:36 | INFO     | database |   NEW BID saved: GEM/2026/B/7517979
2026-05-27 15:39:48 | INFO     | database |   NEW BID saved: GEM/2026/B/7540641
2026-05-27 15:40:03 | INFO     | database | JSON exported: D:\Projects\gem_scraper\storage\gem_bids.json (157 records)
2026-05-27 17:28:49 | INFO     | database | Database ready: D:\Projects\gem_scraper\storage\gem_bids.db
2026-05-27 17:29:22 | INFO     | database |   NEW BID saved: GEM/2026/B/7410481
2026-05-27 17:31:13 | INFO     | database |   NEW BID saved: GEM/2026/B/7173460
2026-05-27 17:31:18 | INFO     | database |   NEW BID saved: GEM/2026/B/7223285
2026-05-27 17:31:25 | INFO     | database |   NEW BID saved: GEM/2025/B/7021779
2026-05-27 17:31:33 | INFO     | database |   NEW BID saved: GEM/2026/B/7445381
2026-05-27 17:31:39 | INFO     | database |   NEW BID saved: GEM/2025/B/6839900
2026-05-27 17:31:46 | INFO     | database |   NEW BID saved: GEM/2026/B/7252469
2026-05-27 17:31:53 | INFO     | database |   NEW BID saved: GEM/2026/B/7189456
2026-05-27 17:32:01 | INFO     | database |   NEW BID saved: GEM/2026/B/7417029
2026-05-27 17:32:09 | INFO     | database |   NEW BID saved: GEM/2026/B/7408096
2026-05-27 17:32:30 | INFO     | database |   NEW BID saved: GEM/2026/B/7441848
2026-05-27 17:32:37 | INFO     | database |   NEW BID saved: GEM/2026/B/7412749
2026-05-27 17:32:44 | INFO     | database |   NEW BID saved: GEM/2026/B/7253172
2026-05-27 17:32:50 | INFO     | database |   NEW BID saved: GEM/2026/B/7086556
2026-05-27 17:32:56 | INFO     | database |   NEW BID saved: GEM/2026/B/7194932
2026-05-27 17:33:03 | INFO     | database |   NEW BID saved: GEM/2026/B/7334075
2026-05-27 17:33:12 | INFO     | database |   NEW BID saved: GEM/2026/B/7414651
2026-05-27 17:33:20 | INFO     | database |   NEW BID saved: GEM/2026/B/7233748
2026-05-27 17:33:27 | INFO     | database |   NEW BID saved: GEM/2026/B/7327051
2026-05-27 17:33:35 | INFO     | database |   NEW BID saved: GEM/2026/B/7456448
2026-05-27 17:34:01 | INFO     | database |   NEW BID saved: GEM/2026/B/7479475
2026-05-27 17:34:13 | INFO     | database |   NEW BID saved: GEM/2026/B/7477270
2026-05-27 17:34:21 | INFO     | database |   NEW BID saved: GEM/2026/B/7367517
2026-05-27 17:34:32 | INFO     | database |   NEW BID saved: GEM/2026/B/7444155
2026-05-27 17:34:40 | INFO     | database |   NEW BID saved: GEM/2026/B/7415642
2026-05-27 17:34:47 | INFO     | database |   NEW BID saved: GEM/2025/B/6445678
2026-05-27 17:34:54 | INFO     | database |   NEW BID saved: GEM/2025/B/7040937
2026-05-27 17:35:03 | INFO     | database |   NEW BID saved: GEM/2025/B/7008974
2026-05-27 17:35:17 | INFO     | database |   NEW BID saved: GEM/2026/B/7505505
2026-05-27 17:35:26 | INFO     | database |   NEW BID saved: GEM/2026/B/7416412
2026-05-27 17:35:51 | INFO     | database |   NEW BID saved: GEM/2026/B/7157755
2026-05-27 17:36:04 | INFO     | database |   NEW BID saved: GEM/2026/B/7136603
2026-05-27 17:36:15 | INFO     | database |   NEW BID saved: GEM/2025/B/7042279
2026-05-27 17:36:33 | INFO     | database |   NEW BID saved: GEM/2026/B/7462644
2026-05-27 17:36:41 | INFO     | database |   NEW BID saved: GEM/2026/B/7459696
2026-05-27 17:36:51 | INFO     | database |   NEW BID saved: GEM/2026/B/7457230
2026-05-27 17:36:59 | INFO     | database |   NEW BID saved: GEM/2026/B/7435485
2026-05-27 17:37:10 | INFO     | database |   NEW BID saved: GEM/2026/B/7430129
2026-05-27 17:37:18 | INFO     | database |   NEW BID saved: GEM/2026/B/7347434
2026-05-27 17:37:31 | INFO     | database |   NEW BID saved: GEM/2026/B/7507444
2026-05-27 17:37:51 | INFO     | database |   NEW BID saved: GEM/2026/B/7389632
2026-05-27 17:38:16 | INFO     | database |   NEW BID saved: GEM/2026/B/7327972
2026-05-27 17:38:32 | INFO     | database |   NEW BID saved: GEM/2026/B/7503947
2026-05-27 17:38:41 | INFO     | database |   NEW BID saved: GEM/2026/B/7500200
2026-05-27 17:38:52 | INFO     | database |   NEW BID saved: GEM/2026/B/7432617
2026-05-27 17:39:03 | INFO     | database |   NEW BID saved: GEM/2026/B/7344536
2026-05-27 17:39:12 | INFO     | database |   NEW BID saved: GEM/2026/B/7496031
2026-05-27 17:39:47 | INFO     | database |   NEW BID saved: GEM/2026/B/7542088
2026-05-27 17:40:01 | INFO     | database |   NEW BID saved: GEM/2026/B/7531864
2026-05-27 17:40:16 | INFO     | database |   NEW BID saved: GEM/2026/B/7507841
2026-05-27 17:40:38 | INFO     | database |   NEW BID saved: GEM/2026/B/7488203
2026-05-27 17:40:46 | INFO     | database |   NEW BID saved: GEM/2026/B/7514993
2026-05-27 17:41:02 | INFO     | database |   NEW BID saved: GEM/2026/B/7526325
2026-05-27 17:41:11 | INFO     | database |   NEW BID saved: GEM/2026/B/7525919
2026-05-27 17:41:22 | INFO     | database |   NEW BID saved: GEM/2026/B/7532717
2026-05-27 17:41:35 | INFO     | database |   NEW BID saved: GEM/2026/B/7544252
2026-05-27 17:41:45 | INFO     | database |   NEW BID saved: GEM/2026/B/7465759
2026-05-27 17:41:54 | INFO     | database |   NEW BID saved: GEM/2026/B/7496302
2026-05-27 17:42:04 | INFO     | database |   NEW BID saved: GEM/2026/B/7478455
2026-05-27 17:42:14 | INFO     | database |   NEW BID saved: GEM/2026/B/7479402
2026-05-27 17:42:38 | INFO     | database |   NEW BID saved: GEM/2026/B/7465807
2026-05-27 17:42:47 | INFO     | database |   NEW BID saved: GEM/2026/B/7473435
2026-05-27 17:42:55 | INFO     | database |   NEW BID saved: GEM/2026/B/7509648
2026-05-27 17:43:02 | INFO     | database |   NEW BID saved: GEM/2026/B/7429899
2026-05-27 17:43:09 | INFO     | database |   NEW BID saved: GEM/2026/B/7560028
2026-05-27 17:43:16 | INFO     | database |   NEW BID saved: GEM/2026/B/7475057
2026-05-27 17:43:27 | INFO     | database |   NEW BID saved: GEM/2026/B/7530104
2026-05-27 17:43:35 | INFO     | database |   NEW BID saved: GEM/2026/B/7499373
2026-05-27 17:43:43 | INFO     | database |   NEW BID saved: GEM/2026/B/7588495
2026-05-27 21:16:27 | INFO     | database | Database ready: D:\Projects\gem_scraper\storage\gem_bids.db
2026-05-27 21:17:01 | INFO     | database |   NEW BID saved: GEM/2026/B/7482363
2026-05-27 21:17:38 | INFO     | database |   NEW BID saved: GEM/2026/B/7438690
2026-05-27 21:17:48 | INFO     | database |   NEW BID saved: GEM/2026/B/7502486
2026-05-27 21:18:00 | INFO     | database |   NEW BID saved: GEM/2026/B/7498952
2026-05-27 21:18:10 | INFO     | database |   NEW BID saved: GEM/2026/B/7484117
2026-05-27 21:18:18 | INFO     | database |   NEW BID saved: GEM/2026/B/7479169
2026-05-27 21:18:27 | INFO     | database |   NEW BID saved: GEM/2026/B/7478621
2026-05-27 21:18:35 | INFO     | database |   NEW BID saved: GEM/2026/B/7477116
2026-05-27 21:18:42 | INFO     | database |   NEW BID saved: GEM/2026/B/7470361
2026-05-27 21:18:52 | INFO     | database |   NEW BID saved: GEM/2026/B/7460032
2026-05-27 21:19:18 | INFO     | database |   NEW BID saved: GEM/2026/B/7516245
2026-05-27 21:19:24 | INFO     | database |   NEW BID saved: GEM/2026/B/7514181
2026-05-27 21:19:33 | INFO     | database |   NEW BID saved: GEM/2026/B/7512177
2026-05-27 21:19:40 | INFO     | database |   NEW BID saved: GEM/2026/B/7511720
2026-05-27 21:19:49 | INFO     | database |   NEW BID saved: GEM/2026/B/7511527
2026-05-27 21:19:58 | INFO     | database |   NEW BID saved: GEM/2026/B/7550554
2026-05-27 21:20:10 | INFO     | database |   NEW BID saved: GEM/2026/B/7527385
2026-05-27 21:20:18 | INFO     | database |   NEW BID saved: GEM/2026/B/7488531
2026-05-27 21:20:26 | INFO     | database |   NEW BID saved: GEM/2026/B/7488456
2026-05-27 21:20:35 | INFO     | database |   NEW BID saved: GEM/2026/B/7445679
2026-05-27 21:20:59 | INFO     | database |   NEW BID saved: GEM/2026/B/7432093
2026-05-27 21:21:08 | INFO     | database |   NEW BID saved: GEM/2026/B/7561178
2026-05-27 21:21:19 | INFO     | database |   NEW BID saved: GEM/2026/B/7287849
2026-05-27 21:21:27 | INFO     | database |   NEW BID saved: 
2026-05-27 21:21:41 | INFO     | database |   NEW BID saved: 
2026-05-27 21:21:54 | INFO     | database |   NEW BID saved: GEM/2026/B/7468724
2026-05-27 21:22:01 | INFO     | database |   NEW BID saved: 
2026-05-27 21:22:13 | INFO     | database |   NEW BID saved: GEM/2026/B/7428100
2026-05-27 21:22:22 | INFO     | database |   NEW BID saved: GEM/2026/B/7450918
2026-05-27 21:22:31 | INFO     | database |   NEW BID saved: GEM/2026/B/7538981
2026-05-27 21:22:54 | INFO     | database |   NEW BID saved: GEM/2026/B/7446304
2026-05-27 21:23:02 | INFO     | database |   NEW BID saved: GEM/2026/B/7439202
2026-05-27 21:23:11 | INFO     | database |   NEW BID saved: GEM/2026/B/7365477
2026-05-27 21:23:21 | INFO     | database |   NEW BID saved: GEM/2026/B/7494711
2026-05-27 21:23:37 | INFO     | database |   NEW BID saved: GEM/2026/B/7527450
2026-05-27 21:23:45 | INFO     | database |   NEW BID saved: GEM/2026/B/7508134
2026-05-27 21:23:52 | INFO     | database |   NEW BID saved: GEM/2026/B/7508040
2026-05-27 21:24:01 | INFO     | database |   NEW BID saved: GEM/2026/B/7511380
2026-05-27 21:24:09 | INFO     | database |   NEW BID saved: GEM/2026/B/7486214
2026-05-27 21:24:22 | INFO     | database |   NEW BID saved: GEM/2026/B/7431402
2026-05-27 21:24:46 | INFO     | database |   NEW BID saved: GEM/2026/B/7512339
2026-05-27 21:24:58 | INFO     | database |   NEW BID saved: GEM/2026/B/7511762
2026-05-27 21:25:13 | INFO     | database |   NEW BID saved: GEM/2026/B/7511546
2026-05-27 21:25:21 | INFO     | database |   NEW BID saved: GEM/2026/B/7511203
2026-05-27 21:25:30 | INFO     | database |   NEW BID saved: GEM/2026/B/7511186
2026-05-27 21:25:39 | INFO     | database |   NEW BID saved: GEM/2026/B/7497582
2026-05-27 21:25:48 | INFO     | database |   NEW BID saved: GEM/2026/B/7494258
2026-05-27 21:25:59 | INFO     | database |   NEW BID saved: GEM/2026/B/7493091
2026-05-27 21:26:33 | INFO     | database |   NEW BID saved: GEM/2026/B/7493052
2026-05-27 21:34:19 | INFO     | database |   NEW BID saved: GEM/2026/B/7492575
2026-05-27 21:39:24 | INFO     | database |   NEW BID saved: GEM/2026/B/7536554
2026-05-27 21:39:42 | INFO     | database |   NEW BID saved: GEM/2026/B/7570256
2026-05-27 21:39:54 | INFO     | database |   NEW BID saved: GEM/2026/B/7551866
2026-05-27 21:40:05 | INFO     | database |   NEW BID saved: GEM/2026/B/7551811
2026-05-27 21:40:14 | INFO     | database |   NEW BID saved: GEM/2026/B/7471797
2026-05-27 21:40:27 | INFO     | database |   NEW BID saved: GEM/2026/B/7510767
2026-05-27 21:40:38 | INFO     | database |   NEW BID saved: GEM/2026/B/7541281
2026-05-27 21:40:49 | INFO     | database |   NEW BID saved: GEM/2026/B/7540662
2026-05-27 21:41:02 | INFO     | database |   NEW BID saved: GEM/2026/B/7566086
2026-05-27 21:41:12 | INFO     | database |   NEW BID saved: GEM/2026/B/7551914
2026-05-27 21:41:36 | INFO     | database |   NEW BID saved: GEM/2026/B/7469914
2026-05-27 21:41:55 | INFO     | database |   NEW BID saved: GEM/2026/B/7485747
2026-05-27 21:42:04 | INFO     | database |   NEW BID saved: GEM/2026/B/7516629
2026-05-27 21:42:14 | INFO     | database |   NEW BID saved: GEM/2026/B/7431993
2026-05-27 21:42:26 | INFO     | database |   NEW BID saved: GEM/2026/B/7545644
2026-05-27 21:42:34 | INFO     | database |   NEW BID saved: GEM/2026/B/7557695
2026-05-27 21:42:42 | INFO     | database |   NEW BID saved: GEM/2026/B/7485894
2026-05-27 21:42:52 | INFO     | database |   NEW BID saved: GEM/2026/B/7456612
2026-05-27 21:43:01 | INFO     | database |   NEW BID saved: GEM/2026/B/7513658
2026-05-27 21:43:08 | INFO     | database |   NEW BID saved: GEM/2026/B/7445473
2026-05-27 21:43:19 | INFO     | database | JSON exported: D:\Projects\gem_scraper\storage\gem_bids.json (139 records)
2026-05-27 21:45:14 | INFO     | database | Database ready: D:\Projects\gem_scraper\storage\gem_bids.db
2026-05-27 21:46:53 | INFO     | database |   NEW BID saved: GEM/2026/B/7480414
2026-05-27 21:47:28 | INFO     | database |   NEW BID saved: GEM/2026/B/7464004
2026-05-27 21:47:36 | INFO     | database |   NEW BID saved: GEM/2026/B/7456498
2026-05-27 21:47:54 | INFO     | database |   NEW BID saved: GEM/2026/B/7581586
2026-05-27 21:48:02 | INFO     | database |   NEW BID saved: GEM/2026/B/7581449
2026-05-27 21:48:09 | INFO     | database |   NEW BID saved: GEM/2026/B/7581136
2026-05-27 21:48:17 | INFO     | database |   NEW BID saved: GEM/2026/B/7581126
2026-05-27 21:48:26 | INFO     | database |   NEW BID saved: GEM/2026/B/7581075
2026-05-27 21:49:42 | INFO     | database |   NEW BID saved: 
2026-05-27 21:51:19 | INFO     | database |   NEW BID saved: GEM/2026/B/7461345
2026-05-27 21:51:44 | INFO     | database |   NEW BID saved: GEM/2026/B/7513922
2026-05-27 21:51:52 | INFO     | database |   NEW BID saved: GEM/2026/B/7496552
2026-05-27 21:52:03 | INFO     | database |   NEW BID saved: GEM/2026/B/7488463
2026-05-27 21:52:13 | INFO     | database |   NEW BID saved: GEM/2026/B/7485762
2026-05-27 21:52:24 | INFO     | database |   NEW BID saved: GEM/2026/B/7458999
2026-05-27 21:53:05 | INFO     | database |   NEW BID saved: GEM/2026/B/7537989
2026-05-27 21:56:42 | INFO     | database |   NEW BID saved: GEM/2026/B/7511847
2026-05-27 21:56:48 | INFO     | database |   NEW BID saved: GEM/2026/B/7507789
2026-05-27 21:58:15 | INFO     | database |   NEW BID saved: GEM/2026/B/7526414
2026-05-27 21:58:25 | INFO     | database | JSON exported: D:\Projects\gem_scraper\storage\gem_bids.json (158 records)
2026-05-27 22:07:47 | INFO     | database | Database ready: D:\Projects\gem_scraper\storage\gem_bids.db
2026-05-27 22:12:12 | INFO     | database | Database ready: D:\Projects\gem_scraper\storage\gem_bids.db
2026-05-27 22:51:56 | INFO     | database | Database ready: D:\Projects\gem_scraper\storage\gem_bids.db
2026-05-27 22:52:28 | INFO     | database |   NEW BID saved: GEM/2026/B/7482363
2026-05-27 22:52:52 | INFO     | database |   NEW BID saved: GEM/2026/B/7438690
2026-05-27 22:52:58 | INFO     | database |   NEW BID saved: GEM/2026/B/7516629
2026-05-27 22:53:05 | INFO     | database |   NEW BID saved: GEM/2026/B/7514278
2026-05-27 22:53:20 | INFO     | database | Database ready: D:\Projects\gem_scraper\storage\gem_bids.db
2026-05-27 22:53:53 | INFO     | database |   NEW BID saved: GEM/2026/B/7502486
2026-05-27 22:54:15 | INFO     | database |   NEW BID saved: GEM/2026/B/7498952
2026-05-27 22:54:20 | INFO     | database |   NEW BID saved: GEM/2026/B/7484117
2026-05-27 22:54:40 | INFO     | database |   NEW BID saved: GEM/2026/B/7516245
2026-05-27 22:54:47 | INFO     | database |   NEW BID saved: GEM/2026/B/7514181
2026-05-27 22:54:54 | INFO     | database |   NEW BID saved: GEM/2026/B/7512177
2026-05-27 22:55:00 | INFO     | database |   NEW BID saved: GEM/2026/B/7511720
2026-05-27 22:55:07 | INFO     | database |   NEW BID saved: GEM/2026/B/7511527
2026-05-27 22:55:26 | INFO     | database |   NEW BID saved: GEM/2026/B/7561178
2026-05-27 22:55:33 | INFO     | database |   NEW BID saved: GEM/2026/B/7287849
2026-05-27 22:55:39 | INFO     | database |   NEW BID saved: 
2026-05-27 22:55:48 | INFO     | database |   NEW BID saved: 
2026-05-27 22:55:56 | INFO     | database |   NEW BID saved: GEM/2026/B/7432093
2026-05-27 22:56:22 | INFO     | database |   NEW BID saved: GEM/2026/B/7511194
2026-05-27 22:56:27 | INFO     | database |   NEW BID saved: GEM/2026/B/7510162
2026-05-27 22:56:34 | INFO     | database |   NEW BID saved: GEM/2026/B/7506691
2026-05-27 22:56:41 | INFO     | database |   NEW BID saved: GEM/2026/B/7500730
2026-05-27 22:57:02 | INFO     | database |   NEW BID saved: GEM/2026/B/7512339
2026-05-27 22:57:11 | INFO     | database |   NEW BID saved: GEM/2026/B/7511762
2026-05-27 22:57:18 | INFO     | database |   NEW BID saved: GEM/2026/B/7511546
2026-05-27 22:57:23 | INFO     | database |   NEW BID saved: GEM/2026/B/7511203
2026-05-27 22:57:30 | INFO     | database |   NEW BID saved: GEM/2026/B/7511186
2026-05-27 22:57:51 | INFO     | database |   NEW BID saved: GEM/2026/B/7488203
2026-05-27 22:57:57 | INFO     | database |   NEW BID saved: GEM/2026/B/7514993
2026-05-27 22:58:05 | INFO     | database |   NEW BID saved: GEM/2026/B/7526325
2026-05-27 22:58:11 | INFO     | database |   NEW BID saved: GEM/2026/B/7525919
2026-05-27 22:58:19 | INFO     | database |   NEW BID saved: GEM/2026/B/7532717
2026-05-27 22:58:36 | INFO     | database |   NEW BID saved: GEM/2026/B/7465807
2026-05-27 22:58:46 | INFO     | database |   NEW BID saved: GEM/2026/B/7473435
2026-05-27 22:58:55 | INFO     | database |   NEW BID saved: GEM/2026/B/7509648
2026-05-27 22:59:03 | INFO     | database |   NEW BID saved: GEM/2026/B/7429899
2026-05-27 22:59:10 | INFO     | database |   NEW BID saved: GEM/2026/B/7560028
2026-05-27 22:59:32 | INFO     | database |   NEW BID saved: GEM/2026/B/7536554
2026-05-27 22:59:44 | INFO     | database |   NEW BID saved: GEM/2026/B/7570256
2026-05-27 22:59:52 | INFO     | database |   NEW BID saved: GEM/2026/B/7551866
2026-05-27 22:59:59 | INFO     | database |   NEW BID saved: GEM/2026/B/7551811
2026-05-27 23:00:07 | INFO     | database |   NEW BID saved: GEM/2026/B/7471797
2026-05-27 23:00:30 | INFO     | database |   NEW BID saved: GEM/2026/B/7485747
2026-05-27 23:00:38 | INFO     | database |   NEW BID saved: GEM/2026/B/7469914
2026-05-27 23:00:47 | INFO     | database |   NEW BID saved: GEM/2026/B/7485894
2026-05-27 23:00:55 | INFO     | database |   NEW BID saved: GEM/2026/B/7545644
2026-05-27 23:01:04 | INFO     | database |   NEW BID saved: GEM/2026/B/7557695
2026-05-27 23:01:16 | INFO     | database | JSON exported: D:\Projects\gem_scraper\storage\gem_bids.json (47 records)
2026-05-27 23:18:33 | INFO     | database | Database ready: D:\Projects\gem_scraper\storage\gem_bids.db
2026-05-29 10:41:42 | INFO     | database | Database ready: D:\Projects\gem_scraper\storage\gem_bids.db
2026-05-29 10:42:09 | INFO     | database |   NEW BID saved: GEM/2026/B/7497531
2026-05-29 10:43:34 | INFO     | database |   NEW BID saved: GEM/2026/B/7084406
2026-05-29 10:43:44 | INFO     | database |   NEW BID saved: GEM/2026/B/7460442
2026-05-29 10:43:52 | INFO     | database |   NEW BID saved: GEM/2026/B/7519853
2026-05-29 10:43:59 | INFO     | database |   NEW BID saved: GEM/2026/B/7330786
2026-05-29 10:44:24 | INFO     | database |   NEW BID saved: GEM/2026/B/7489623
2026-05-29 10:44:32 | INFO     | database |   NEW BID saved: GEM/2026/B/7364689
2026-05-29 10:44:39 | INFO     | database |   NEW BID saved: GEM/2026/B/7402812
2026-05-29 10:44:49 | INFO     | database |   NEW BID saved: GEM/2026/B/7233748
2026-05-29 10:44:56 | INFO     | database |   NEW BID saved: GEM/2026/B/7086556
2026-05-29 10:45:19 | INFO     | database |   NEW BID saved: GEM/2026/B/7522917
2026-05-29 10:45:26 | INFO     | database |   NEW BID saved: GEM/2026/B/7424557
2026-05-29 10:45:32 | INFO     | database |   NEW BID saved: GEM/2026/B/7439340
2026-05-29 10:45:40 | INFO     | database |   NEW BID saved: GEM/2026/B/7380365
2026-05-29 10:45:47 | INFO     | database |   NEW BID saved: GEM/2026/B/7476070
2026-05-29 10:46:10 | INFO     | database |   NEW BID saved: GEM/2026/B/7472359
2026-05-29 10:46:18 | INFO     | database |   NEW BID saved: GEM/2026/B/7428408
2026-05-29 10:46:26 | INFO     | database |   NEW BID saved: GEM/2025/B/6066137
2026-05-29 10:46:33 | INFO     | database |   NEW BID saved: GEM/2026/B/7440372
2026-05-29 10:46:40 | INFO     | database |   NEW BID saved: GEM/2026/B/7502578
2026-05-29 10:47:00 | INFO     | database |   NEW BID saved: GEM/2026/B/7486487
2026-05-29 10:47:09 | INFO     | database |   NEW BID saved: GEM/2026/B/7503330
2026-05-29 10:47:23 | INFO     | database |   NEW BID saved: GEM/2026/B/7500134
2026-05-29 10:47:30 | INFO     | database |   NEW BID saved: GEM/2026/B/7498652
2026-05-29 10:47:40 | INFO     | database |   NEW BID saved: GEM/2026/B/7498587
2026-05-29 10:48:00 | INFO     | database |   NEW BID saved: GEM/2026/B/7544252
2026-05-29 10:48:10 | INFO     | database |   NEW BID saved: GEM/2026/B/7465759
2026-05-29 10:48:19 | INFO     | database |   NEW BID saved: GEM/2026/B/7514993
2026-05-29 10:48:31 | INFO     | database |   NEW BID saved: GEM/2026/B/7496302
2026-05-29 10:48:38 | INFO     | database |   NEW BID saved: GEM/2026/B/7478455
2026-05-29 10:49:04 | INFO     | database |   NEW BID saved: GEM/2026/B/7465807
2026-05-29 10:49:14 | INFO     | database |   NEW BID saved: GEM/2026/B/7473435
2026-05-29 10:49:21 | INFO     | database |   NEW BID saved: GEM/2026/B/7509648
2026-05-29 10:49:31 | INFO     | database |   NEW BID saved: GEM/2026/B/7429899
2026-05-29 10:49:38 | INFO     | database |   NEW BID saved: GEM/2026/B/7560028
2026-05-29 10:49:58 | INFO     | database |   NEW BID saved: GEM/2026/B/7504393
2026-05-29 10:50:04 | INFO     | database |   NEW BID saved: GEM/2026/B/7543353
2026-05-29 10:50:11 | INFO     | database |   NEW BID saved: GEM/2026/B/7543288
2026-05-29 10:50:18 | INFO     | database |   NEW BID saved: GEM/2026/B/7531199
2026-05-29 10:52:22 | INFO     | database | Database ready: D:\Projects\gem_scraper\storage\gem_bids.db
2026-05-29 10:52:50 | INFO     | database |   NEW BID saved: GEM/2026/B/7486487
2026-05-29 10:53:09 | INFO     | database |   NEW BID saved: GEM/2026/B/7517509
2026-05-29 10:53:17 | INFO     | database |   NEW BID saved: GEM/2026/B/7516749
2026-05-29 10:53:23 | INFO     | database |   NEW BID saved: GEM/2026/B/7516594
2026-05-29 10:53:30 | INFO     | database |   NEW BID saved: GEM/2026/B/7516335
2026-05-29 10:53:59 | INFO     | database |   NEW BID saved: GEM/2026/B/7462344
2026-05-29 10:54:07 | INFO     | database |   NEW BID saved: GEM/2026/B/7405837
2026-05-29 10:54:15 | INFO     | database |   NEW BID saved: GEM/2025/B/6699132
2026-05-29 10:54:23 | INFO     | database |   NEW BID saved: GEM/2026/B/7501386
2026-05-29 10:54:31 | INFO     | database |   NEW BID saved: GEM/2026/B/7500802
2026-05-29 10:54:56 | INFO     | database |   NEW BID saved: GEM/2026/B/7499165
2026-05-29 10:55:03 | INFO     | database |   NEW BID saved: GEM/2026/B/7424264
2026-05-29 10:55:10 | INFO     | database |   NEW BID saved: GEM/2026/B/7478220
2026-05-29 10:55:18 | INFO     | database |   NEW BID saved: GEM/2026/B/7471556
2026-05-29 10:55:24 | INFO     | database |   NEW BID saved: GEM/2026/B/7540567
2026-05-29 10:55:52 | INFO     | database |   NEW BID saved: GEM/2026/B/7502578
2026-05-29 10:55:58 | INFO     | database |   NEW BID saved: GEM/2026/B/7500031
2026-05-29 10:56:05 | INFO     | database |   NEW BID saved: GEM/2026/B/7463579
2026-05-29 10:56:12 | INFO     | database |   NEW BID saved: GEM/2026/B/7460150
2026-05-29 10:56:20 | INFO     | database |   NEW BID saved: GEM/2026/B/7453006
2026-05-29 10:56:47 | INFO     | database |   NEW BID saved: GEM/2026/B/7508186
2026-05-29 10:56:55 | INFO     | database |   NEW BID saved: GEM/2026/B/7502046
2026-05-29 10:57:03 | INFO     | database |   NEW BID saved: GEM/2026/B/7492967
2026-05-29 10:57:11 | INFO     | database |   NEW BID saved: GEM/2026/B/7492689
2026-05-29 10:57:18 | INFO     | database |   NEW BID saved: GEM/2026/B/7503330
2026-05-29 10:57:46 | INFO     | database |   NEW BID saved: GEM/2026/B/7544252
2026-05-29 10:57:52 | INFO     | database |   NEW BID saved: GEM/2026/B/7465759
2026-05-29 10:57:58 | INFO     | database |   NEW BID saved: GEM/2026/B/7514993
2026-05-29 10:58:06 | INFO     | database |   NEW BID saved: GEM/2026/B/7496302
2026-05-29 10:58:12 | INFO     | database |   NEW BID saved: GEM/2026/B/7478455
2026-05-29 10:58:38 | INFO     | database |   NEW BID saved: GEM/2026/B/7465807
2026-05-29 10:58:46 | INFO     | database |   NEW BID saved: GEM/2026/B/7473435
2026-05-29 10:58:52 | INFO     | database |   NEW BID saved: GEM/2026/B/7509648
2026-05-29 10:58:58 | INFO     | database |   NEW BID saved: GEM/2026/B/7429899
2026-05-29 10:59:05 | INFO     | database |   NEW BID saved: GEM/2026/B/7560028
2026-05-29 10:59:30 | INFO     | database |   NEW BID saved: GEM/2026/B/7543353
2026-05-29 10:59:37 | INFO     | database |   NEW BID saved: GEM/2026/B/7543288
2026-05-29 10:59:44 | INFO     | database |   NEW BID saved: GEM/2026/B/7531199
2026-05-29 10:59:50 | INFO     | database |   NEW BID saved: GEM/2026/B/7571573
2026-05-29 10:59:56 | INFO     | database |   NEW BID saved: GEM/2026/B/7552151
2026-05-29 11:00:25 | INFO     | database |   NEW BID saved: GEM/2026/B/7529289
2026-05-29 11:00:32 | INFO     | database |   NEW BID saved: GEM/2026/B/7488019
2026-05-29 11:00:40 | INFO     | database |   NEW BID saved: GEM/2026/B/7499828
2026-05-29 11:00:45 | INFO     | database |   NEW BID saved: GEM/2026/B/7473234
2026-05-29 11:00:51 | INFO     | database |   NEW BID saved: GEM/2026/B/7520648
2026-05-29 11:01:00 | INFO     | database | JSON exported: D:\Projects\gem_scraper\storage\gem_bids.json (45 records)
2026-05-29 14:18:44 | INFO     | database | Database ready: D:\Projects\gem_scraper\storage\gem_bids.db
2026-05-29 14:19:18 | INFO     | database |   NEW BID saved: GEM/2026/B/7463764
2026-05-29 14:19:55 | INFO     | database |   NEW BID saved: GEM/2026/B/7549045
2026-05-29 14:20:01 | INFO     | database |   NEW BID saved: GEM/2026/B/7324059
2026-05-29 14:20:08 | INFO     | database |   NEW BID saved: GEM/2026/B/7556613
2026-05-29 14:20:17 | INFO     | database |   NEW BID saved: GEM/2026/B/7457889
2026-05-29 14:20:40 | INFO     | database |   NEW BID saved: GEM/2026/B/7526808
2026-05-29 14:20:52 | INFO     | database |   NEW BID saved: GEM/2026/B/7506290
2026-05-29 14:20:59 | INFO     | database |   NEW BID saved: GEM/2026/B/7533191
2026-05-29 14:21:06 | INFO     | database |   NEW BID saved: GEM/2026/B/7455537
2026-05-29 14:21:13 | INFO     | database |   NEW BID saved: GEM/2026/B/7414313
2026-05-29 14:21:40 | INFO     | database |   NEW BID saved: GEM/2026/B/7549614
2026-05-29 14:21:49 | INFO     | database |   NEW BID saved: GEM/2026/B/7482374
2026-05-29 14:21:57 | INFO     | database |   NEW BID saved: GEM/2026/B/7218587
2026-05-29 14:22:05 | INFO     | database |   NEW BID saved: GEM/2026/B/7335937
2026-05-29 14:22:18 | INFO     | database |   NEW BID saved: GEM/2026/B/7563222
2026-05-29 14:22:46 | INFO     | database |   NEW BID saved: GEM/2026/B/7439340
2026-05-29 14:22:54 | INFO     | database |   NEW BID saved: GEM/2025/B/6909377
2026-05-29 14:23:04 | INFO     | database |   NEW BID saved: GEM/2026/B/7380365
2026-05-29 14:23:11 | INFO     | database |   NEW BID saved: GEM/2026/B/7473585
2026-05-29 14:23:19 | INFO     | database |   NEW BID saved: GEM/2026/B/7239254
2026-05-29 14:23:50 | INFO     | database |   NEW BID saved: GEM/2026/B/7403302
2026-05-29 14:23:57 | INFO     | database |   NEW BID saved: GEM/2026/B/7386008
2026-05-29 14:24:07 | INFO     | database |   NEW BID saved: GEM/2026/B/7389632
2026-05-29 14:24:26 | INFO     | database |   NEW BID saved: GEM/2026/B/7534659
2026-05-29 14:24:33 | INFO     | database |   NEW BID saved: GEM/2026/B/7105734
2026-05-29 14:24:59 | INFO     | database |   NEW BID saved: GEM/2026/B/7465759
2026-05-29 14:25:06 | INFO     | database |   NEW BID saved: GEM/2026/B/7514993
2026-05-29 14:25:14 | INFO     | database |   NEW BID saved: GEM/2026/B/7496302
2026-05-29 14:25:22 | INFO     | database |   NEW BID saved: GEM/2026/B/7478455
2026-05-29 14:25:33 | INFO     | database |   NEW BID saved: GEM/2026/B/7479402
2026-05-29 14:26:00 | INFO     | database |   NEW BID saved: GEM/2026/B/7465807
2026-05-29 14:26:08 | INFO     | database |   NEW BID saved: GEM/2026/B/7473435
2026-05-29 14:26:14 | INFO     | database |   NEW BID saved: GEM/2026/B/7509648
2026-05-29 14:26:23 | INFO     | database |   NEW BID saved: GEM/2026/B/7429899
2026-05-29 14:26:31 | INFO     | database |   NEW BID saved: GEM/2026/B/7560028
2026-05-29 14:26:54 | INFO     | database |   NEW BID saved: GEM/2026/B/7503471
2026-05-29 14:27:02 | INFO     | database |   NEW BID saved: GEM/2026/B/7490903
2026-05-29 14:27:09 | INFO     | database |   NEW BID saved: GEM/2026/B/7500136
2026-05-29 14:27:16 | INFO     | database |   NEW BID saved: GEM/2026/B/7498207
2026-05-29 14:27:23 | INFO     | database |   NEW BID saved: GEM/2026/B/7548266
2026-05-29 14:27:48 | INFO     | database |   NEW BID saved: GEM/2026/B/7492127
2026-05-29 14:27:57 | INFO     | database |   NEW BID saved: GEM/2026/B/7491207
2026-05-29 14:28:04 | INFO     | database |   NEW BID saved: GEM/2026/B/7518621
2026-05-29 14:28:12 | INFO     | database |   NEW BID saved: GEM/2026/B/7546233
2026-05-29 14:28:19 | INFO     | database |   NEW BID saved: GEM/2026/B/7546103
2026-05-29 14:28:25 | INFO     | database | JSON exported: D:\Projects\gem_scraper\storage\gem_bids.json (45 records)
2026-05-29 15:36:49 | INFO     | database | Database ready: D:\Projects\gem_scraper\storage\gem_bids.db
2026-05-29 15:37:23 | INFO     | database |   NEW BID saved: GEM/2026/B/7549614
2026-05-29 15:38:17 | INFO     | database |   NEW BID saved: GEM/2026/B/7478561
2026-05-29 15:38:42 | INFO     | database |   NEW BID saved: GEM/2026/B/7374550
2026-05-29 15:39:10 | INFO     | database |   NEW BID saved: GEM/2026/B/7352222
2026-05-29 15:39:36 | INFO     | database |   NEW BID saved: GEM/2026/B/7403302
2026-05-29 15:40:03 | INFO     | database |   NEW BID saved: GEM/2026/B/7514993
2026-05-29 15:40:32 | INFO     | database |   NEW BID saved: GEM/2026/B/7465807
2026-05-29 15:40:58 | INFO     | database |   NEW BID saved: GEM/2026/B/7457889
2026-05-29 15:41:25 | INFO     | database |   NEW BID saved: GEM/2026/B/7513226
2026-05-29 15:41:34 | INFO     | database | JSON exported: D:\Projects\gem_scraper\storage\gem_bids.json (9 records)
2026-05-29 16:01:05 | INFO     | database | Database ready: D:\Projects\gem_scraper\storage\gem_bids.db
2026-05-29 16:01:38 | INFO     | database |   NEW BID saved: GEM/2025/B/6687707
2026-05-29 16:02:29 | INFO     | database |   NEW BID saved: GEM/2026/B/7500982
2026-05-29 16:02:58 | INFO     | database |   NEW BID saved: GEM/2026/B/7496145
2026-05-29 16:03:28 | INFO     | database |   NEW BID saved: GEM/2025/B/6670870
2026-05-29 16:03:54 | INFO     | database |   NEW BID saved: GEM/2026/B/7316090
2026-05-29 16:04:25 | INFO     | database |   NEW BID saved: GEM/2026/B/7514993
2026-05-29 16:04:51 | INFO     | database |   NEW BID saved: GEM/2026/B/7465807
2026-05-29 16:05:18 | INFO     | database |   NEW BID saved: GEM/2026/B/7457889
2026-05-29 16:05:44 | INFO     | database |   NEW BID saved: GEM/2026/B/7504415
2026-05-29 16:05:52 | INFO     | database | JSON exported: D:\Projects\gem_scraper\storage\gem_bids.json (9 records)
2026-05-29 16:35:38 | INFO     | database | Database ready: F:\THRIVEX AI\ThriveX\GeM Tender\storage\gem_bids.db
2026-05-29 16:35:45 | INFO     | database | JSON exported: F:\THRIVEX AI\ThriveX\GeM Tender\storage\gem_bids.json (9 records)
2026-05-29 16:40:34 | INFO     | database | Database ready: F:\THRIVEX AI\ThriveX\GeM Tender\storage\gem_bids.db
2026-05-29 16:41:23 | INFO     | database |   NEW BID saved: GEM/2026/B/7324059
2026-05-29 16:44:44 | INFO     | database | Database ready: F:\THRIVEX AI\ThriveX\GeM Tender\storage\gem_bids.db
2026-05-29 16:45:15 | INFO     | database |   NEW BID saved: GEM/2026/B/7466826
2026-05-29 16:47:27 | INFO     | database | Database ready: F:\THRIVEX AI\ThriveX\GeM Tender\storage\gem_bids.db
2026-05-29 16:48:00 | INFO     | database |   NEW BID saved: GEM/2026/B/7495507
2026-05-29 16:50:01 | INFO     | database |   NEW BID saved: GEM/2026/B/7403302
2026-05-29 16:50:12 | INFO     | database |   NEW BID saved: GEM/2026/B/7402571
2026-05-29 16:50:40 | INFO     | database |   NEW BID saved: GEM/2026/B/7488318
2026-05-29 16:50:48 | INFO     | database |   NEW BID saved: GEM/2026/B/7488178
2026-05-29 16:50:55 | INFO     | database |   NEW BID saved: GEM/2026/B/7488084
2026-05-29 16:51:23 | INFO     | database |   NEW BID saved: GEM/2026/B/7314259
2026-05-29 16:51:32 | INFO     | database |   NEW BID saved: GEM/2026/B/7380365
2026-05-29 16:51:42 | INFO     | database |   NEW BID saved: GEM/2026/B/7473585
2026-05-29 16:52:13 | INFO     | database |   NEW BID saved: GEM/2026/B/7452638
2026-05-29 16:52:21 | INFO     | database |   NEW BID saved: GEM/2026/B/7465952
2026-05-29 16:52:31 | INFO     | database |   NEW BID saved: GEM/2026/B/7502453
2026-05-29 16:53:02 | INFO     | database |   NEW BID saved: GEM/2026/B/7519351
2026-05-29 16:53:13 | INFO     | database |   NEW BID saved: GEM/2026/B/7519144
2026-05-29 16:53:27 | INFO     | database |   NEW BID saved: GEM/2026/B/7519044
2026-05-29 16:53:59 | INFO     | database |   NEW BID saved: GEM/2026/B/7514993
2026-05-29 16:54:14 | INFO     | database |   NEW BID saved: GEM/2026/B/7496302
2026-05-29 16:54:27 | INFO     | database |   NEW BID saved: GEM/2026/B/7478455
2026-05-29 16:55:03 | INFO     | database |   NEW BID saved: GEM/2026/B/7465807
2026-05-29 16:55:17 | INFO     | database |   NEW BID saved: GEM/2026/B/7473435
2026-05-29 16:55:26 | INFO     | database |   NEW BID saved: GEM/2026/B/7509648
2026-05-29 16:55:58 | INFO     | database |   NEW BID saved: GEM/2026/B/7559770
2026-05-29 16:56:08 | INFO     | database |   NEW BID saved: GEM/2026/B/7500638
2026-05-29 16:56:18 | INFO     | database |   NEW BID saved: GEM/2026/B/7550238
2026-05-29 16:56:47 | INFO     | database |   NEW BID saved: GEM/2026/B/7504415
2026-05-29 16:56:58 | INFO     | database |   NEW BID saved: GEM/2026/B/7500677
2026-05-29 16:57:08 | INFO     | database |   NEW BID saved: GEM/2026/B/7545977
2026-05-29 16:57:28 | INFO     | database | JSON exported: F:\THRIVEX AI\ThriveX\GeM Tender\storage\gem_bids.json (28 records)
2026-05-29 16:58:41 | INFO     | database | Database ready: F:\THRIVEX AI\ThriveX\GeM Tender\storage\gem_bids.db
